Archive member included to satisfy reference by file (symbol)

/opt/Atollic_TrueSTUDIO_for_STM32_x86_64_9.0.0/ARMTools/bin/../lib/gcc/arm-atollic-eabi/6.3.1/../../../../arm-atollic-eabi/lib/armv7e-m/fpu/libc_nano.a(lib_a-errno.o)
                              src/syscalls.o (__errno)
/opt/Atollic_TrueSTUDIO_for_STM32_x86_64_9.0.0/ARMTools/bin/../lib/gcc/arm-atollic-eabi/6.3.1/../../../../arm-atollic-eabi/lib/armv7e-m/fpu/libc_nano.a(lib_a-impure.o)
                              /opt/Atollic_TrueSTUDIO_for_STM32_x86_64_9.0.0/ARMTools/bin/../lib/gcc/arm-atollic-eabi/6.3.1/../../../../arm-atollic-eabi/lib/armv7e-m/fpu/libc_nano.a(lib_a-errno.o) (_impure_ptr)
/opt/Atollic_TrueSTUDIO_for_STM32_x86_64_9.0.0/ARMTools/bin/../lib/gcc/arm-atollic-eabi/6.3.1/../../../../arm-atollic-eabi/lib/armv7e-m/fpu/libc_nano.a(lib_a-init.o)
                              startup/startup_stm32f4xx.o (__libc_init_array)
/opt/Atollic_TrueSTUDIO_for_STM32_x86_64_9.0.0/ARMTools/bin/../lib/gcc/arm-atollic-eabi/6.3.1/../../../../arm-atollic-eabi/lib/armv7e-m/fpu/libc_nano.a(lib_a-memcmp.o)
                              Common/Full/events.o (memcmp)
/opt/Atollic_TrueSTUDIO_for_STM32_x86_64_9.0.0/ARMTools/bin/../lib/gcc/arm-atollic-eabi/6.3.1/../../../../arm-atollic-eabi/lib/armv7e-m/fpu/libc_nano.a(lib_a-memcpy-stub.o)
                              FreeRTOS/queue.o (memcpy)
/opt/Atollic_TrueSTUDIO_for_STM32_x86_64_9.0.0/ARMTools/bin/../lib/gcc/arm-atollic-eabi/6.3.1/../../../../arm-atollic-eabi/lib/armv7e-m/fpu/libc_nano.a(lib_a-memset.o)
                              FreeRTOS/tasks.o (memset)
/opt/Atollic_TrueSTUDIO_for_STM32_x86_64_9.0.0/ARMTools/bin/../lib/gcc/arm-atollic-eabi/6.3.1/../../../../arm-atollic-eabi/lib/armv7e-m/fpu/libc_nano.a(lib_a-strlen.o)
                              Common/Full/comtest.o (strlen)
/opt/Atollic_TrueSTUDIO_for_STM32_x86_64_9.0.0/ARMTools/bin/../lib/gcc/arm-atollic-eabi/6.3.1/armv7e-m/fpu/libgcc.a(_arm_addsubdf3.o)
                              Common/Full/flop.o (__aeabi_dsub)
/opt/Atollic_TrueSTUDIO_for_STM32_x86_64_9.0.0/ARMTools/bin/../lib/gcc/arm-atollic-eabi/6.3.1/armv7e-m/fpu/libgcc.a(_arm_muldivdf3.o)
                              Common/Full/death.o (__aeabi_dmul)
/opt/Atollic_TrueSTUDIO_for_STM32_x86_64_9.0.0/ARMTools/bin/../lib/gcc/arm-atollic-eabi/6.3.1/armv7e-m/fpu/libgcc.a(_arm_cmpdf2.o)
                              Common/Full/flop.o (__aeabi_dcmpgt)

Allocating common symbols
Common symbol       size              file

xCreatedTask1       0x4               Common/Full/death.o
xQueueRegistry      0x40              FreeRTOS/queue.o
PageInfo            0x10              Trace/trcStreamingRecorder.o
_TzTraceData        0x1388            Trace/trcKernelPort.o
xCreatedTask2       0x4               Common/Full/death.o
NVIC_InitStructure  0x4               src/stm32f4_discovery.o
xSuspendedTestQueue
                    0x4               Common/Full/dynamic.o
_SEGGER_RTT         0xa8              Trace/streamports/Jlink_RTT/SEGGER_RTT.o
trcWarningChannel   0x4               Trace/trcKernelPort.o

Discarded input sections

 .text          0x0000000000000000        0x0 /opt/Atollic_TrueSTUDIO_for_STM32_x86_64_9.0.0/ARMTools/bin/../lib/gcc/arm-atollic-eabi/6.3.1/armv7e-m/fpu/crti.o
 .data          0x0000000000000000        0x0 /opt/Atollic_TrueSTUDIO_for_STM32_x86_64_9.0.0/ARMTools/bin/../lib/gcc/arm-atollic-eabi/6.3.1/armv7e-m/fpu/crti.o
 .bss           0x0000000000000000        0x0 /opt/Atollic_TrueSTUDIO_for_STM32_x86_64_9.0.0/ARMTools/bin/../lib/gcc/arm-atollic-eabi/6.3.1/armv7e-m/fpu/crti.o
 .data          0x0000000000000000        0x4 /opt/Atollic_TrueSTUDIO_for_STM32_x86_64_9.0.0/ARMTools/bin/../lib/gcc/arm-atollic-eabi/6.3.1/armv7e-m/fpu/crtbegin.o
 .text          0x0000000000000000        0x0 Common/Full/BlockQ.o
 .data          0x0000000000000000        0x0 Common/Full/BlockQ.o
 .bss           0x0000000000000000        0x0 Common/Full/BlockQ.o
 .text          0x0000000000000000        0x0 Common/Full/GenQTest.o
 .data          0x0000000000000000        0x0 Common/Full/GenQTest.o
 .bss           0x0000000000000000        0x0 Common/Full/GenQTest.o
 .text          0x0000000000000000        0x0 Common/Full/PollQ.o
 .data          0x0000000000000000        0x0 Common/Full/PollQ.o
 .bss           0x0000000000000000        0x0 Common/Full/PollQ.o
 .text          0x0000000000000000        0x0 Common/Full/blocktim.o
 .data          0x0000000000000000        0x0 Common/Full/blocktim.o
 .bss           0x0000000000000000        0x0 Common/Full/blocktim.o
 .text          0x0000000000000000        0x0 Common/Full/comtest.o
 .data          0x0000000000000000        0x0 Common/Full/comtest.o
 .bss           0x0000000000000000        0x0 Common/Full/comtest.o
 .bss.xPort     0x0000000000000000        0x4 Common/Full/comtest.o
 .rodata        0x0000000000000000      0x12a Common/Full/comtest.o
 .rodata.pcMessageToExchange
                0x0000000000000000        0x4 Common/Full/comtest.o
[...]
Memory Configuration

Name             Origin             Length             Attributes
FLASH            0x0000000008000000 0x0000000000100000 xr
RAM              0x0000000020000000 0x0000000000020000 xrw
MEMORY_B1        0x0000000060000000 0x0000000000000000 xr
CCMRAM           0x0000000010000000 0x0000000000010000 rw
*default*        0x0000000000000000 0xffffffffffffffff

Linker script and memory map

LOAD /opt/Atollic_TrueSTUDIO_for_STM32_x86_64_9.0.0/ARMTools/bin/../lib/gcc/arm-atollic-eabi/6.3.1/armv7e-m/fpu/crti.o
LOAD /opt/Atollic_TrueSTUDIO_for_STM32_x86_64_9.0.0/ARMTools/bin/../lib/gcc/arm-atollic-eabi/6.3.1/armv7e-m/fpu/crtbegin.o
LOAD Common/Full/BlockQ.o
LOAD Common/Full/GenQTest.o
LOAD Common/Full/PollQ.o
LOAD Common/Full/blocktim.o
LOAD Common/Full/comtest.o
LOAD Common/Full/countsem.o
LOAD Common/Full/death.o
LOAD Common/Full/dynamic.o
LOAD Common/Full/events.o
LOAD Common/Full/flash.o
LOAD Common/Full/flop.o
LOAD Common/Full/integer.o
LOAD Common/Full/print.o
LOAD Common/Full/recmutex.o
LOAD Common/Full/semtest.o
LOAD FreeRTOS/croutine.o
LOAD FreeRTOS/event_groups.o
LOAD FreeRTOS/list.o
LOAD FreeRTOS/portable/GCC/ARM_CM4F/port.o
LOAD FreeRTOS/portable/MemMang/heap_4.o
LOAD FreeRTOS/queue.o
LOAD FreeRTOS/tasks.o
LOAD FreeRTOS/timers.o
LOAD StdPeriph_Driver/src/misc.o
LOAD StdPeriph_Driver/src/stm32f4xx_adc.o
LOAD StdPeriph_Driver/src/stm32f4xx_can.o
LOAD StdPeriph_Driver/src/stm32f4xx_cec.o
LOAD StdPeriph_Driver/src/stm32f4xx_crc.o
LOAD StdPeriph_Driver/src/stm32f4xx_cryp.o
LOAD StdPeriph_Driver/src/stm32f4xx_cryp_aes.o
LOAD StdPeriph_Driver/src/stm32f4xx_cryp_des.o
LOAD StdPeriph_Driver/src/stm32f4xx_cryp_tdes.o
LOAD StdPeriph_Driver/src/stm32f4xx_dac.o
LOAD StdPeriph_Driver/src/stm32f4xx_dbgmcu.o
LOAD StdPeriph_Driver/src/stm32f4xx_dcmi.o
LOAD StdPeriph_Driver/src/stm32f4xx_dfsdm.o
LOAD StdPeriph_Driver/src/stm32f4xx_dma.o
LOAD StdPeriph_Driver/src/stm32f4xx_dma2d.o
LOAD StdPeriph_Driver/src/stm32f4xx_dsi.o
LOAD StdPeriph_Driver/src/stm32f4xx_exti.o
LOAD StdPeriph_Driver/src/stm32f4xx_flash.o
LOAD StdPeriph_Driver/src/stm32f4xx_flash_ramfunc.o
LOAD StdPeriph_Driver/src/stm32f4xx_fmc.o
LOAD StdPeriph_Driver/src/stm32f4xx_fmip2c.o
LOAD StdPeriph_Driver/src/stm32f4xx_fsmc.o
LOAD StdPeriph_Driver/src/stm32f4xx_gpio.o
LOAD StdPeriph_Driver/src/stm32f4xx_hash.o
LOAD StdPeriph_Driver/src/stm32f4xx_hash_md5.o
LOAD StdPeriph_Driver/src/stm32f4xx_hash_sha1.o
LOAD StdPeriph_Driver/src/stm32f4xx_i2c.o
LOAD StdPeriph_Driver/src/stm32f4xx_iwdg.o
LOAD StdPeriph_Driver/src/stm32f4xx_lptim.o
LOAD StdPeriph_Driver/src/stm32f4xx_ltdc.o
LOAD StdPeriph_Driver/src/stm32f4xx_pwr.o
LOAD StdPeriph_Driver/src/stm32f4xx_qspi.o
LOAD StdPeriph_Driver/src/stm32f4xx_rcc.o
LOAD StdPeriph_Driver/src/stm32f4xx_rng.o
LOAD StdPeriph_Driver/src/stm32f4xx_rtc.o
LOAD StdPeriph_Driver/src/stm32f4xx_sai.o
LOAD StdPeriph_Driver/src/stm32f4xx_sdio.o
LOAD StdPeriph_Driver/src/stm32f4xx_spdifrx.o
LOAD StdPeriph_Driver/src/stm32f4xx_spi.o
LOAD StdPeriph_Driver/src/stm32f4xx_syscfg.o
LOAD StdPeriph_Driver/src/stm32f4xx_tim.o
LOAD StdPeriph_Driver/src/stm32f4xx_usart.o
LOAD StdPeriph_Driver/src/stm32f4xx_wwdg.o
LOAD Trace/streamports/Jlink_RTT/SEGGER_RTT.o
LOAD Trace/streamports/Jlink_RTT/SEGGER_RTT_Printf.o
LOAD Trace/trcKernelPort.o
LOAD Trace/trcSnapshotRecorder.o
LOAD Trace/trcStreamingRecorder.o
LOAD src/ParTest.o
LOAD src/main.o
LOAD src/stm32f4_discovery.o
LOAD src/stm32f4xx_it.o
LOAD src/syscalls.o
LOAD src/system_stm32f4xx.o
LOAD startup/startup_stm32f4xx.o
                0x0000000000000080                malloc_getpagesize_P = 0x80
START GROUP
LOAD /opt/Atollic_TrueSTUDIO_for_STM32_x86_64_9.0.0/ARMTools/bin/../lib/gcc/arm-atollic-eabi/6.3.1/../../../../arm-atollic-eabi/lib/armv7e-m/fpu/libc_nano.a
LOAD /opt/Atollic_TrueSTUDIO_for_STM32_x86_64_9.0.0/ARMTools/bin/../lib/gcc/arm-atollic-eabi/6.3.1/../../../../arm-atollic-eabi/lib/armv7e-m/fpu/libm.a
END GROUP
START GROUP
LOAD /opt/Atollic_TrueSTUDIO_for_STM32_x86_64_9.0.0/ARMTools/bin/../lib/gcc/arm-atollic-eabi/6.3.1/armv7e-m/fpu/libgcc.a
LOAD /opt/Atollic_TrueSTUDIO_for_STM32_x86_64_9.0.0/ARMTools/bin/../lib/gcc/arm-atollic-eabi/6.3.1/../../../../arm-atollic-eabi/lib/armv7e-m/fpu/libc_nano.a
END GROUP
START GROUP
LOAD /opt/Atollic_TrueSTUDIO_for_STM32_x86_64_9.0.0/ARMTools/bin/../lib/gcc/arm-atollic-eabi/6.3.1/armv7e-m/fpu/libgcc.a
LOAD /opt/Atollic_TrueSTUDIO_for_STM32_x86_64_9.0.0/ARMTools/bin/../lib/gcc/arm-atollic-eabi/6.3.1/../../../../arm-atollic-eabi/lib/armv7e-m/fpu/libc_nano.a
LOAD /opt/Atollic_TrueSTUDIO_for_STM32_x86_64_9.0.0/ARMTools/bin/../lib/gcc/arm-atollic-eabi/6.3.1/../../../../arm-atollic-eabi/lib/armv7e-m/fpu/libnosys.a
END GROUP
START GROUP
LOAD /opt/Atollic_TrueSTUDIO_for_STM32_x86_64_9.0.0/ARMTools/bin/../lib/gcc/arm-atollic-eabi/6.3.1/armv7e-m/fpu/libgcc.a
LOAD /opt/Atollic_TrueSTUDIO_for_STM32_x86_64_9.0.0/ARMTools/bin/../lib/gcc/arm-atollic-eabi/6.3.1/../../../../arm-atollic-eabi/lib/armv7e-m/fpu/libc_nano.a
LOAD /opt/Atollic_TrueSTUDIO_for_STM32_x86_64_9.0.0/ARMTools/bin/../lib/gcc/arm-atollic-eabi/6.3.1/../../../../arm-atollic-eabi/lib/armv7e-m/fpu/libnosys.a
END GROUP
LOAD /opt/Atollic_TrueSTUDIO_for_STM32_x86_64_9.0.0/ARMTools/bin/../lib/gcc/arm-atollic-eabi/6.3.1/armv7e-m/fpu/crtend.o
LOAD /opt/Atollic_TrueSTUDIO_for_STM32_x86_64_9.0.0/ARMTools/bin/../lib/gcc/arm-atollic-eabi/6.3.1/armv7e-m/fpu/crtn.o
                0x0000000020020000                _estack = 0x20020000
                0x0000000000000000                _Min_Heap_Size = 0x0
                0x0000000000000400                _Min_Stack_Size = 0x400

.isr_vector     0x0000000008000000      0x188
                0x0000000008000000                . = ALIGN (0x4)
 *(.isr_vector)
 .isr_vector    0x0000000008000000      0x188 startup/startup_stm32f4xx.o
                0x0000000008000000                g_pfnVectors
                0x0000000008000188                . = ALIGN (0x4)

.text           0x0000000008000190     0x9154
                0x0000000008000190                . = ALIGN (0x4)
 *(.text)
 .text          0x0000000008000190       0x40 /opt/Atollic_TrueSTUDIO_for_STM32_x86_64_9.0.0/ARMTools/bin/../lib/gcc/arm-atollic-eabi/6.3.1/armv7e-m/fpu/crtbegin.o
 .text          0x00000000080001d0      0x370 /opt/Atollic_TrueSTUDIO_for_STM32_x86_64_9.0.0/ARMTools/bin/../lib/gcc/arm-atollic-eabi/6.3.1/armv7e-m/fpu/libgcc.a(_arm_addsubdf3.o)
                0x00000000080001d0                __aeabi_drsub
                0x00000000080001d8                __aeabi_dsub
                0x00000000080001d8                __subdf3
                0x00000000080001dc                __adddf3
                0x00000000080001dc                __aeabi_dadd
                0x0000000008000454                __aeabi_ui2d
                0x0000000008000454                __floatunsidf
                0x0000000008000474                __floatsidf
                0x0000000008000474                __aeabi_i2d
                0x0000000008000498                __extendsfdf2
                0x0000000008000498                __aeabi_f2d
                0x00000000080004d4                __aeabi_ul2d
                0x00000000080004d4                __floatundidf
                0x00000000080004e4                __floatdidf
                0x00000000080004e4                __aeabi_l2d
 .text          0x0000000008000540      0x424 /opt/Atollic_TrueSTUDIO_for_STM32_x86_64_9.0.0/ARMTools/bin/../lib/gcc/arm-atollic-eabi/6.3.1/armv7e-m/fpu/libgcc.a(_arm_muldivdf3.o)
                0x0000000008000540                __aeabi_dmul
                0x0000000008000540                __muldf3
                0x0000000008000794                __aeabi_ddiv
                0x0000000008000794                __divdf3
 .text          0x0000000008000964      0x110 /opt/Atollic_TrueSTUDIO_for_STM32_x86_64_9.0.0/ARMTools/bin/../lib/gcc/arm-atollic-eabi/6.3.1/armv7e-m/fpu/libgcc.a(_arm_cmpdf2.o)
                0x0000000008000964                __gtdf2
                0x0000000008000964                __gedf2
                0x000000000800096c                __ltdf2
                0x000000000800096c                __ledf2
                0x0000000008000974                __cmpdf2
                0x0000000008000974                __eqdf2
                0x0000000008000974                __nedf2
                0x00000000080009f0                __aeabi_cdrcmple
                0x0000000008000a00                __aeabi_cdcmple
                0x0000000008000a00                __aeabi_cdcmpeq
                0x0000000008000a10                __aeabi_dcmpeq
                0x0000000008000a24                __aeabi_dcmplt
                0x0000000008000a38                __aeabi_dcmple
                0x0000000008000a4c                __aeabi_dcmpge
                0x0000000008000a60                __aeabi_dcmpgt
 *(.text*)
 .text.vStartBlockingQueueTasks
                0x0000000008000a74      0x194 Common/Full/BlockQ.o
                0x0000000008000a74                vStartBlockingQueueTasks
 .text.vBlockingQueueProducer
                0x0000000008000c08       0x7c Common/Full/BlockQ.o
 .text.vBlockingQueueConsumer
                0x0000000008000c84       0x84 Common/Full/BlockQ.o
 .text.xAreBlockingQueuesStillRunning
                0x0000000008000d08       0x94 Common/Full/BlockQ.o
                0x0000000008000d08                xAreBlockingQueuesStillRunning
 .text.vStartGenericQueueTasks
                0x0000000008000d9c       0xc0 Common/Full/GenQTest.o
                0x0000000008000d9c                vStartGenericQueueTasks
 .text.prvSendFrontAndBackTest
                0x0000000008000e5c      0x300 Common/Full/GenQTest.o
 .text.prvTakeTwoMutexesReturnInDifferentOrder
                0x000000000800115c      0x130 Common/Full/GenQTest.o
 .text.prvTakeTwoMutexesReturnInSameOrder
                0x000000000800128c      0x110 Common/Full/GenQTest.o
 .text.prvLowPriorityMutexTask
                0x000000000800139c       0x58 Common/Full/GenQTest.o
 .text.prvMediumPriorityMutexTask
                0x00000000080013f4       0x20 Common/Full/GenQTest.o
 .text.prvHighPriorityMutexTask
                0x0000000008001414       0x4c Common/Full/GenQTest.o
 .text.xAreGenericQueueTasksStillRunning
                0x0000000008001460       0x64 Common/Full/GenQTest.o
                0x0000000008001460                xAreGenericQueueTasksStillRunning
 .text.vStartPolledQueueTasks
                0x00000000080014c4       0x60 Common/Full/PollQ.o
                0x00000000080014c4                vStartPolledQueueTasks
 .text.vPolledQueueProducer
                0x0000000008001524       0xa0 Common/Full/PollQ.o
 .text.vPolledQueueConsumer
                0x00000000080015c4       0xa4 Common/Full/PollQ.o
 .text.xArePollingQueuesStillRunning
                0x0000000008001668       0x64 Common/Full/PollQ.o
                0x0000000008001668                xArePollingQueuesStillRunning
 .text.vCreateBlockTimeTasks
                0x00000000080016cc       0x74 Common/Full/blocktim.o
                0x00000000080016cc                vCreateBlockTimeTasks
 .text.vPrimaryBlockTimeTestTask
                0x0000000008001740      0x2dc Common/Full/blocktim.o
 .text.vSecondaryBlockTimeTestTask
                0x0000000008001a1c       0xd8 Common/Full/blocktim.o
 .text.prvBasicDelayTests
                0x0000000008001af4       0xb0 Common/Full/blocktim.o
 .text.xAreBlockTimeTestTasksStillRunning
                0x0000000008001ba4       0x68 Common/Full/blocktim.o
                0x0000000008001ba4                xAreBlockTimeTestTasksStillRunning
 .text.vStartCountingSemaphoreTasks
                0x0000000008001c0c       0xac Common/Full/countsem.o
                0x0000000008001c0c                vStartCountingSemaphoreTasks
 .text.prvDecrementSemaphoreCount
                0x0000000008001cb8       0xc0 Common/Full/countsem.o
 .text.prvIncrementSemaphoreCount
                0x0000000008001d78       0x9c Common/Full/countsem.o
 .text.prvCountingSemaphoreTask
                0x0000000008001e14       0x64 Common/Full/countsem.o
 .text.vCreateSuicidalTasks
                0x0000000008001e78       0x4c Common/Full/death.o
                0x0000000008001e78                vCreateSuicidalTasks
 *fill*         0x0000000008001ec4        0x4 
 .text.vSuicidalTask
                0x0000000008001ec8       0x78 Common/Full/death.o
 .text.vCreateTasks
                0x0000000008001f40       0xb8 Common/Full/death.o
 .text.xIsCreateTaskStillRunning
                0x0000000008001ff8       0x60 Common/Full/death.o
                0x0000000008001ff8                xIsCreateTaskStillRunning
 .text.vStartDynamicPriorityTasks
                0x0000000008002058       0xf4 Common/Full/dynamic.o
                0x0000000008002058                vStartDynamicPriorityTasks
 .text.vLimitedIncrementTask
                0x000000000800214c       0x2c Common/Full/dynamic.o
 .text.vContinuousIncrementTask
                0x0000000008002178       0x34 Common/Full/dynamic.o
 .text.vCounterControlTask
                0x00000000080021ac      0x100 Common/Full/dynamic.o
 .text.vQueueSendWhenSuspendedTask
                0x00000000080022ac       0x7c Common/Full/dynamic.o
 .text.vQueueReceiveWhenSuspendedTask
                0x0000000008002328       0x94 Common/Full/dynamic.o
 .text.prvChangePriorityWhenSuspendedTask
                0x00000000080023bc       0xd0 Common/Full/dynamic.o
 .text.prvChangePriorityHelperTask
                0x000000000800248c       0x20 Common/Full/dynamic.o
 .text.xAreDynamicPriorityTasksStillRunning
                0x00000000080024ac       0x68 Common/Full/dynamic.o
                0x00000000080024ac                xAreDynamicPriorityTasksStillRunning
 .text.vStartLEDFlashTasks
                0x0000000008002514       0x6c Common/Full/flash.o
                0x0000000008002514                vStartLEDFlashTasks
 .text.vLEDFlashTask
                0x0000000008002580       0x44 Common/Full/flash.o
 .text.vStartMathTasks
                0x00000000080025c4      0x110 Common/Full/flop.o
                0x00000000080025c4                vStartMathTasks
 *fill*         0x00000000080026d4        0x4 
 .text.vCompetingMathTask1
                0x00000000080026d8      0x114 Common/Full/flop.o
 *fill*         0x00000000080027ec        0x4 
 .text.vCompetingMathTask2
                0x00000000080027f0      0x114 Common/Full/flop.o
 *fill*         0x0000000008002904        0x4 
 .text.vCompetingMathTask3
                0x0000000008002908      0x168 Common/Full/flop.o
 .text.vCompetingMathTask4
                0x0000000008002a70      0x16c Common/Full/flop.o
 .text.xAreMathsTaskStillRunning
                0x0000000008002bdc       0x60 Common/Full/flop.o
                0x0000000008002bdc                xAreMathsTaskStillRunning
 .text.vStartIntegerMathTasks
                0x0000000008002c3c      0x110 Common/Full/integer.o
                0x0000000008002c3c                vStartIntegerMathTasks
 .text.vCompeteingIntMathTask1
                0x0000000008002d4c       0x9c Common/Full/integer.o
 .text.vCompeteingIntMathTask2
                0x0000000008002de8       0x98 Common/Full/integer.o
 .text.vCompeteingIntMathTask3
                0x0000000008002e80       0xe4 Common/Full/integer.o
 .text.vCompeteingIntMathTask4
                0x0000000008002f64       0xf0 Common/Full/integer.o
 .text.xAreIntegerMathsTaskStillRunning
                0x0000000008003054       0x60 Common/Full/integer.o
                0x0000000008003054                xAreIntegerMathsTaskStillRunning
 .text.vPrintDisplayMessage
                0x00000000080030b4       0x14 Common/Full/print.o
                0x00000000080030b4                vPrintDisplayMessage
 .text.vStartRecursiveMutexTasks
                0x00000000080030c8       0x90 Common/Full/recmutex.o
                0x00000000080030c8                vStartRecursiveMutexTasks
 .text.prvRecursiveMutexControllingTask
                0x0000000008003158       0xc0 Common/Full/recmutex.o
 .text.prvRecursiveMutexBlockingTask
                0x0000000008003218       0x94 Common/Full/recmutex.o
 .text.prvRecursiveMutexPollingTask
                0x00000000080032ac       0xdc Common/Full/recmutex.o
 .text.xAreRecursiveMutexTasksStillRunning
                0x0000000008003388       0x98 Common/Full/recmutex.o
                0x0000000008003388                xAreRecursiveMutexTasksStillRunning
 .text.vStartSemaphoreTasks
                0x0000000008003420      0x128 Common/Full/semtest.o
                0x0000000008003420                vStartSemaphoreTasks
 .text.prvSemaphoreTest
                0x0000000008003548      0x13c Common/Full/semtest.o
 .text.xAreSemaphoreTasksStillRunning
                0x0000000008003684       0x60 Common/Full/semtest.o
                0x0000000008003684                xAreSemaphoreTasksStillRunning
 .text.vListInitialise
                0x00000000080036e4       0x40 FreeRTOS/list.o
                0x00000000080036e4                vListInitialise
 .text.vListInitialiseItem
                0x0000000008003724       0x1a FreeRTOS/list.o
                0x0000000008003724                vListInitialiseItem
 .text.vListInsertEnd
                0x000000000800373e       0x48 FreeRTOS/list.o
                0x000000000800373e                vListInsertEnd
 .text.vListInsert
                0x0000000008003786       0x72 FreeRTOS/list.o
                0x0000000008003786                vListInsert
 .text.uxListRemove
                0x00000000080037f8       0x54 FreeRTOS/list.o
                0x00000000080037f8                uxListRemove
 .text.pxPortInitialiseStack
                0x000000000800384c       0x68 FreeRTOS/portable/GCC/ARM_CM4F/port.o
                0x000000000800384c                pxPortInitialiseStack
 .text.prvTaskExitError
                0x00000000080038b4       0x3c FreeRTOS/portable/GCC/ARM_CM4F/port.o
 .text.SVC_Handler
                0x00000000080038f0       0x28 FreeRTOS/portable/GCC/ARM_CM4F/port.o
                0x00000000080038f0                SVC_Handler
 .text.prvPortStartFirstTask
                0x0000000008003918       0x20 FreeRTOS/portable/GCC/ARM_CM4F/port.o
 .text.xPortStartScheduler
                0x0000000008003938      0x118 FreeRTOS/portable/GCC/ARM_CM4F/port.o
                0x0000000008003938                xPortStartScheduler
 .text.vPortEnterCritical
                0x0000000008003a50       0x5c FreeRTOS/portable/GCC/ARM_CM4F/port.o
                0x0000000008003a50                vPortEnterCritical
 .text.vPortExitCritical
                0x0000000008003aac       0x50 FreeRTOS/portable/GCC/ARM_CM4F/port.o
                0x0000000008003aac                vPortExitCritical
 *fill*         0x0000000008003afc        0x4 
 .text.PendSV_Handler
                0x0000000008003b00       0x68 FreeRTOS/portable/GCC/ARM_CM4F/port.o
                0x0000000008003b00                PendSV_Handler
 .text.SysTick_Handler
                0x0000000008003b68       0x40 FreeRTOS/portable/GCC/ARM_CM4F/port.o
                0x0000000008003b68                SysTick_Handler
 .text.vPortSetupTimerInterrupt
                0x0000000008003ba8       0x38 FreeRTOS/portable/GCC/ARM_CM4F/port.o
                0x0000000008003ba8                vPortSetupTimerInterrupt
 .text.vPortEnableVFP
                0x0000000008003be0       0x14 FreeRTOS/portable/GCC/ARM_CM4F/port.o
 .text.vPortValidateInterruptPriority
                0x0000000008003bf4       0x7c FreeRTOS/portable/GCC/ARM_CM4F/port.o
                0x0000000008003bf4                vPortValidateInterruptPriority
 .text.pvPortMalloc
                0x0000000008003c70      0x198 FreeRTOS/portable/MemMang/heap_4.o
                0x0000000008003c70                pvPortMalloc
 .text.vPortFree
                0x0000000008003e08       0xc0 FreeRTOS/portable/MemMang/heap_4.o
                0x0000000008003e08                vPortFree
 .text.prvHeapInit
                0x0000000008003ec8       0xc4 FreeRTOS/portable/MemMang/heap_4.o
 .text.prvInsertBlockIntoFreeList
                0x0000000008003f8c       0xb4 FreeRTOS/portable/MemMang/heap_4.o
 .text.xQueueGenericReset
                0x0000000008004040       0xd0 FreeRTOS/queue.o
                0x0000000008004040                xQueueGenericReset
 .text.xQueueGenericCreate
                0x0000000008004110       0x72 FreeRTOS/queue.o
                0x0000000008004110                xQueueGenericCreate
 .text.prvInitialiseNewQueue
                0x0000000008004182       0x72 FreeRTOS/queue.o
 .text.prvInitialiseMutex
                0x00000000080041f4       0x64 FreeRTOS/queue.o
 .text.xQueueCreateMutex
                0x0000000008004258       0x30 FreeRTOS/queue.o
                0x0000000008004258                xQueueCreateMutex
 .text.xQueueGiveMutexRecursive
                0x0000000008004288       0x7a FreeRTOS/queue.o
                0x0000000008004288                xQueueGiveMutexRecursive
 .text.xQueueTakeMutexRecursive
                0x0000000008004302       0x88 FreeRTOS/queue.o
                0x0000000008004302                xQueueTakeMutexRecursive
 .text.xQueueCreateCountingSemaphore
                0x000000000800438a       0x78 FreeRTOS/queue.o
                0x000000000800438a                xQueueCreateCountingSemaphore
 *fill*         0x0000000008004402        0x2 
 .text.xQueueGenericSend
                0x0000000008004404      0x364 FreeRTOS/queue.o
                0x0000000008004404                xQueueGenericSend
 .text.xQueueGenericSendFromISR
                0x0000000008004768      0x1ac FreeRTOS/queue.o
                0x0000000008004768                xQueueGenericSendFromISR
 .text.xQueueGiveFromISR
                0x0000000008004914       0x1e FreeRTOS/queue.o
                0x0000000008004914                xQueueGiveFromISR
 .text.MyWrapper
                0x0000000008004932      0x198 FreeRTOS/queue.o
                0x0000000008004932                MyWrapper
 *fill*         0x0000000008004aca        0x2 
 .text.xQueueGenericReceive
                0x0000000008004acc      0x420 FreeRTOS/queue.o
                0x0000000008004acc                xQueueGenericReceive
 .text.uxQueueMessagesWaiting
                0x0000000008004eec       0x3a FreeRTOS/queue.o
                0x0000000008004eec                uxQueueMessagesWaiting
 .text.prvCopyDataToQueue
                0x0000000008004f26       0xd4 FreeRTOS/queue.o
 .text.prvCopyDataFromQueue
                0x0000000008004ffa       0x4c FreeRTOS/queue.o
 .text.prvUnlockQueue
                0x0000000008005046       0xa4 FreeRTOS/queue.o
 .text.prvIsQueueEmpty
                0x00000000080050ea       0x2c FreeRTOS/queue.o
 .text.prvIsQueueFull
                0x0000000008005116       0x30 FreeRTOS/queue.o
 *fill*         0x0000000008005146        0x2 
 .text.vQueueAddToRegistry
                0x0000000008005148       0x60 FreeRTOS/queue.o
                0x0000000008005148                vQueueAddToRegistry
 .text.vQueueWaitForMessageRestricted
                0x00000000080051a8       0x68 FreeRTOS/queue.o
                0x00000000080051a8                vQueueWaitForMessageRestricted
 .text.xTaskCreate
                0x0000000008005210       0x82 FreeRTOS/tasks.o
                0x0000000008005210                xTaskCreate
 .text.prvInitialiseNewTask
                0x0000000008005292      0x10c FreeRTOS/tasks.o
 *fill*         0x000000000800539e        0x2 
 .text.prvAddNewTaskToReadyList
                0x00000000080053a0      0x124 FreeRTOS/tasks.o
 .text.vTaskDelete
                0x00000000080054c4      0x140 FreeRTOS/tasks.o
                0x00000000080054c4                vTaskDelete
 .text.vTaskDelayUntil
                0x0000000008005604       0xfc FreeRTOS/tasks.o
                0x0000000008005604                vTaskDelayUntil
 .text.vTaskDelay
                0x0000000008005700       0x70 FreeRTOS/tasks.o
                0x0000000008005700                vTaskDelay
 .text.uxTaskPriorityGet
                0x0000000008005770       0x34 FreeRTOS/tasks.o
                0x0000000008005770                uxTaskPriorityGet
 .text.vTaskPrioritySet
                0x00000000080057a4      0x178 FreeRTOS/tasks.o
                0x00000000080057a4                vTaskPrioritySet
 .text.vTaskSuspend
                0x000000000800591c      0x118 FreeRTOS/tasks.o
                0x000000000800591c                vTaskSuspend
 .text.prvTaskIsTaskSuspended
                0x0000000008005a34       0x74 FreeRTOS/tasks.o
 .text.vTaskResume
                0x0000000008005aa8       0xcc FreeRTOS/tasks.o
                0x0000000008005aa8                vTaskResume
 .text.vTaskStartScheduler
                0x0000000008005b74       0x98 FreeRTOS/tasks.o
                0x0000000008005b74                vTaskStartScheduler
 .text.vTaskSuspendAll
                0x0000000008005c0c       0x1c FreeRTOS/tasks.o
                0x0000000008005c0c                vTaskSuspendAll
 .text.xTaskResumeAll
                0x0000000008005c28      0x140 FreeRTOS/tasks.o
                0x0000000008005c28                xTaskResumeAll
 .text.xTaskGetTickCount
                0x0000000008005d68       0x20 FreeRTOS/tasks.o
                0x0000000008005d68                xTaskGetTickCount
 .text.uxTaskGetNumberOfTasks
                0x0000000008005d88       0x18 FreeRTOS/tasks.o
                0x0000000008005d88                uxTaskGetNumberOfTasks
 .text.xTaskIncrementTick
                0x0000000008005da0      0x1c8 FreeRTOS/tasks.o
                0x0000000008005da0                xTaskIncrementTick
 .text.vTaskSwitchContext
                0x0000000008005f68      0x124 FreeRTOS/tasks.o
                0x0000000008005f68                vTaskSwitchContext
 .text.vTaskPlaceOnEventList
                0x000000000800608c       0x48 FreeRTOS/tasks.o
                0x000000000800608c                vTaskPlaceOnEventList
 .text.vTaskPlaceOnEventListRestricted
                0x00000000080060d4       0x68 FreeRTOS/tasks.o
                0x00000000080060d4                vTaskPlaceOnEventListRestricted
 .text.xTaskRemoveFromEventList
                0x000000000800613c       0xcc FreeRTOS/tasks.o
                0x000000000800613c                xTaskRemoveFromEventList
 .text.vTaskSetTimeOutState
                0x0000000008006208       0x48 FreeRTOS/tasks.o
                0x0000000008006208                vTaskSetTimeOutState
 .text.xTaskCheckForTimeOut
                0x0000000008006250       0xbc FreeRTOS/tasks.o
                0x0000000008006250                xTaskCheckForTimeOut
 .text.vTaskMissedYield
                0x000000000800630c       0x18 FreeRTOS/tasks.o
                0x000000000800630c                vTaskMissedYield
 .text.prvIdleTask
                0x0000000008006324       0x34 FreeRTOS/tasks.o
 .text.prvInitialiseTaskLists
                0x0000000008006358       0x80 FreeRTOS/tasks.o
 .text.prvCheckTasksWaitingTermination
                0x00000000080063d8       0x78 FreeRTOS/tasks.o
 .text.prvDeleteTCB
                0x0000000008006450       0x20 FreeRTOS/tasks.o
 .text.prvResetNextTaskUnblockTime
                0x0000000008006470       0x4c FreeRTOS/tasks.o
 .text.xTaskGetCurrentTaskHandle
                0x00000000080064bc       0x20 FreeRTOS/tasks.o
                0x00000000080064bc                xTaskGetCurrentTaskHandle
 .text.xTaskGetSchedulerState
                0x00000000080064dc       0x3c FreeRTOS/tasks.o
                0x00000000080064dc                xTaskGetSchedulerState
 .text.vTaskPriorityInherit
                0x0000000008006518      0x108 FreeRTOS/tasks.o
                0x0000000008006518                vTaskPriorityInherit
 .text.xTaskPriorityDisinherit
                0x0000000008006620      0x120 FreeRTOS/tasks.o
                0x0000000008006620                xTaskPriorityDisinherit
 .text.pvTaskIncrementMutexHeldCount
                0x0000000008006740       0x28 FreeRTOS/tasks.o
                0x0000000008006740                pvTaskIncrementMutexHeldCount
 .text.prvAddCurrentTaskToDelayedList
                0x0000000008006768       0xcc FreeRTOS/tasks.o
 .text.xTimerCreateTimerTask
                0x0000000008006834       0x64 FreeRTOS/timers.o
                0x0000000008006834                xTimerCreateTimerTask
 .text.xTimerCreate
                0x0000000008006898       0x3a FreeRTOS/timers.o
                0x0000000008006898                xTimerCreate
 .text.prvInitialiseNewTimer
                0x00000000080068d2       0x8a FreeRTOS/timers.o
 .text.xTimerGenericCommand
                0x000000000800695c      0x1a8 FreeRTOS/timers.o
                0x000000000800695c                xTimerGenericCommand
 .text.prvProcessExpiredTimer
                0x0000000008006b04       0x80 FreeRTOS/timers.o
 .text.prvTimerTask
                0x0000000008006b84       0x24 FreeRTOS/timers.o
 .text.prvProcessTimerOrBlockTask
                0x0000000008006ba8       0x9c FreeRTOS/timers.o
 .text.prvGetNextExpireTime
                0x0000000008006c44       0x48 FreeRTOS/timers.o
 .text.prvSampleTimeNow
                0x0000000008006c8c       0x40 FreeRTOS/timers.o
 .text.prvInsertTimerInActiveList
                0x0000000008006ccc       0x84 FreeRTOS/timers.o
 .text.prvProcessReceivedCommands
                0x0000000008006d50      0x124 FreeRTOS/timers.o
 .text.prvSwitchTimerLists
                0x0000000008006e74       0xc0 FreeRTOS/timers.o
 .text.prvCheckForValidListAndQueue
                0x0000000008006f34       0x6c FreeRTOS/timers.o
 .text.NVIC_PriorityGroupConfig
                0x0000000008006fa0       0x28 StdPeriph_Driver/src/misc.o
                0x0000000008006fa0                NVIC_PriorityGroupConfig
 .text.NVIC_Init
                0x0000000008006fc8       0xc4 StdPeriph_Driver/src/misc.o
                0x0000000008006fc8                NVIC_Init
 .text.EXTI_Init
                0x000000000800708c       0xe4 StdPeriph_Driver/src/stm32f4xx_exti.o
                0x000000000800708c                EXTI_Init
 .text.EXTI_ClearITPendingBit
                0x0000000008007170       0x20 StdPeriph_Driver/src/stm32f4xx_exti.o
                0x0000000008007170                EXTI_ClearITPendingBit
 .text.GPIO_Init
                0x0000000008007190      0x11c StdPeriph_Driver/src/stm32f4xx_gpio.o
                0x0000000008007190                GPIO_Init
 .text.RCC_AHB1PeriphClockCmd
                0x00000000080072ac       0x40 StdPeriph_Driver/src/stm32f4xx_rcc.o
                0x00000000080072ac                RCC_AHB1PeriphClockCmd
 .text.RCC_APB2PeriphClockCmd
                0x00000000080072ec       0x40 StdPeriph_Driver/src/stm32f4xx_rcc.o
                0x00000000080072ec                RCC_APB2PeriphClockCmd
 .text.SYSCFG_EXTILineConfig
                0x000000000800732c       0x84 StdPeriph_Driver/src/stm32f4xx_syscfg.o
                0x000000000800732c                SYSCFG_EXTILineConfig
 .text._DoInit  0x00000000080073b0       0xa4 Trace/streamports/Jlink_RTT/SEGGER_RTT.o
 .text._WriteBlocking
                0x0000000008007454       0xb4 Trace/streamports/Jlink_RTT/SEGGER_RTT.o
 .text._WriteNoCheck
                0x0000000008007508       0x80 Trace/streamports/Jlink_RTT/SEGGER_RTT.o
 .text._GetAvailWriteSpace
                0x0000000008007588       0x46 Trace/streamports/Jlink_RTT/SEGGER_RTT.o
 *fill*         0x00000000080075ce        0x2 
 .text.SEGGER_RTT_ReadNoLock
                0x00000000080075d0      0x104 Trace/streamports/Jlink_RTT/SEGGER_RTT.o
                0x00000000080075d0                SEGGER_RTT_ReadNoLock
 .text.SEGGER_RTT_Read
                0x00000000080076d4       0x36 Trace/streamports/Jlink_RTT/SEGGER_RTT.o
                0x00000000080076d4                SEGGER_RTT_Read
 *fill*         0x000000000800770a        0x2 
 .text.SEGGER_RTT_WriteNoLock
                0x000000000800770c       0x9c Trace/streamports/Jlink_RTT/SEGGER_RTT.o
                0x000000000800770c                SEGGER_RTT_WriteNoLock
 .text.SEGGER_RTT_Write
                0x00000000080077a8       0x48 Trace/streamports/Jlink_RTT/SEGGER_RTT.o
                0x00000000080077a8                SEGGER_RTT_Write
 .text.SEGGER_RTT_ConfigUpBuffer
                0x00000000080077f0       0xd4 Trace/streamports/Jlink_RTT/SEGGER_RTT.o
                0x00000000080077f0                SEGGER_RTT_ConfigUpBuffer
 .text.SEGGER_RTT_ConfigDownBuffer
                0x00000000080078c4       0xd4 Trace/streamports/Jlink_RTT/SEGGER_RTT.o
                0x00000000080078c4                SEGGER_RTT_ConfigDownBuffer
 .text.vTraceEnable
                0x0000000008007998      0x114 Trace/trcKernelPort.o
                0x0000000008007998                vTraceEnable
 .text.prvTraceOnBegin
                0x0000000008007aac        0xe Trace/trcKernelPort.o
                0x0000000008007aac                prvTraceOnBegin
 .text.prvTraceOnEnd
                0x0000000008007aba        0xe Trace/trcKernelPort.o
                0x0000000008007aba                prvTraceOnEnd
 .text.prvTraceGetCurrentTaskHandle
                0x0000000008007ac8        0xe Trace/trcKernelPort.o
                0x0000000008007ac8                prvTraceGetCurrentTaskHandle
 *fill*         0x0000000008007ad6        0x2 
 .text.prvIsNewTCB
                0x0000000008007ad8       0x30 Trace/trcKernelPort.o
                0x0000000008007ad8                prvIsNewTCB
 .text.prvCheckRecorderStatus
                0x0000000008007b08       0xd4 Trace/trcKernelPort.o
 .text.TzCtrl   0x0000000008007bdc       0x6c Trace/trcKernelPort.o
 .text.xTraceRegisterString
                0x0000000008007c48       0x26 Trace/trcStreamingRecorder.o
                0x0000000008007c48                xTraceRegisterString
 .text.vTracePrintF
                0x0000000008007c6e       0xa2 Trace/trcStreamingRecorder.o
                0x0000000008007c6e                vTracePrintF
 .text.prvSetRecorderEnabled
                0x0000000008007d10       0xa4 Trace/trcStreamingRecorder.o
 .text.prvTraceStoreSymbolTable
                0x0000000008007db4       0x94 Trace/trcStreamingRecorder.o
 .text.prvTraceStoreObjectDataTable
                0x0000000008007e48       0x94 Trace/trcStreamingRecorder.o
 .text.prvTraceStoreHeader
                0x0000000008007edc       0x94 Trace/trcStreamingRecorder.o
 .text.prvTraceStoreWarnings
                0x0000000008007f70      0x10c Trace/trcStreamingRecorder.o
 .text.prvTraceStoreEvent0
                0x000000000800807c       0x88 Trace/trcStreamingRecorder.o
                0x000000000800807c                prvTraceStoreEvent0
 .text.prvTraceStoreEvent1
                0x0000000008008104       0x98 Trace/trcStreamingRecorder.o
                0x0000000008008104                prvTraceStoreEvent1
 .text.prvTraceStoreEvent2
                0x000000000800819c       0xa0 Trace/trcStreamingRecorder.o
                0x000000000800819c                prvTraceStoreEvent2
 .text.prvTraceStoreEvent3
                0x000000000800823c       0xa8 Trace/trcStreamingRecorder.o
                0x000000000800823c                prvTraceStoreEvent3
 .text.prvTraceStoreEvent
                0x00000000080082e4       0xdc Trace/trcStreamingRecorder.o
                0x00000000080082e4                prvTraceStoreEvent
 .text.prvTraceStoreStringEvent
                0x00000000080083c0       0x34 Trace/trcStreamingRecorder.o
                0x00000000080083c0                prvTraceStoreStringEvent
 .text.prvTraceStoreStringEventHelper
                0x00000000080083f4      0x200 Trace/trcStreamingRecorder.o
 .text.prvTraceSaveSymbol
                0x00000000080085f4      0x118 Trace/trcStreamingRecorder.o
                0x00000000080085f4                prvTraceSaveSymbol
 .text.prvTraceDeleteSymbol
                0x000000000800870c       0xcc Trace/trcStreamingRecorder.o
                0x000000000800870c                prvTraceDeleteSymbol
 .text.prvTraceSaveObjectData
                0x00000000080087d8       0xbc Trace/trcStreamingRecorder.o
                0x00000000080087d8                prvTraceSaveObjectData
 .text.prvTraceDeleteObjectData
                0x0000000008008894       0xcc Trace/trcStreamingRecorder.o
                0x0000000008008894                prvTraceDeleteObjectData
 .text.prvIsValidCommand
                0x0000000008008960       0x82 Trace/trcStreamingRecorder.o
                0x0000000008008960                prvIsValidCommand
 .text.prvProcessCommand
                0x00000000080089e2       0x26 Trace/trcStreamingRecorder.o
                0x00000000080089e2                prvProcessCommand
 .text.prvTraceError
                0x0000000008008a08       0x40 Trace/trcStreamingRecorder.o
                0x0000000008008a08                prvTraceError
 .text.prvTraceInitCortexM
                0x0000000008008a48       0x64 Trace/trcStreamingRecorder.o
                0x0000000008008a48                prvTraceInitCortexM
 .text.prvGetTimestamp32
                0x0000000008008aac       0x18 Trace/trcStreamingRecorder.o
 .text.prvTraceStoreTSConfig
                0x0000000008008ac4       0x3c Trace/trcStreamingRecorder.o
 .text.vParTestInitialise
                0x0000000008008b00       0x20 src/ParTest.o
                0x0000000008008b00                vParTestInitialise
 .text.vParTestToggleLED
                0x0000000008008b20       0x30 src/ParTest.o
                0x0000000008008b20                vParTestToggleLED
 .text.NVIC_SetPendingIRQ
                0x0000000008008b50       0x34 src/main.o
 .text.main     0x0000000008008b84       0x1e src/main.o
                0x0000000008008b84                main
 *fill*         0x0000000008008ba2        0x2 
 .text.prvCheckTimerCallback
                0x0000000008008ba4      0x110 src/main.o
 .text.prvButtonTestTask
                0x0000000008008cb4       0x58 src/main.o
 .text.prvSetupHardware
                0x0000000008008d0c       0x20 src/main.o
 .text.vApplicationTickHook
                0x0000000008008d2c       0x28 src/main.o
                0x0000000008008d2c                vApplicationTickHook
 .text.prvSetupNestedFPUInterruptsTest
                0x0000000008008d54       0x3e src/main.o
 *fill*         0x0000000008008d92        0x2 
 .text.TIM3_IRQHandler
                0x0000000008008d94       0x40 src/main.o
                0x0000000008008d94                TIM3_IRQHandler
 .text.TIM2_IRQHandler
                0x0000000008008dd4       0x28 src/main.o
                0x0000000008008dd4                TIM2_IRQHandler
 .text.prvOptionallyCreateComprehensveTestApplication
                0x0000000008008dfc       0xcc src/main.o
 .text.EXTI0_IRQHandler
                0x0000000008008ec8       0x44 src/main.o
                0x0000000008008ec8                EXTI0_IRQHandler
 .text.vApplicationMallocFailedHook
                0x0000000008008f0c       0x1a src/main.o
                0x0000000008008f0c                vApplicationMallocFailedHook
 .text.vApplicationIdleHook
                0x0000000008008f26        0xe src/main.o
                0x0000000008008f26                vApplicationIdleHook
 .text.vApplicationStackOverflowHook
                0x0000000008008f34       0x1e src/main.o
                0x0000000008008f34                vApplicationStackOverflowHook
 *fill*         0x0000000008008f52        0x2 
 .text.STM_EVAL_LEDInit
                0x0000000008008f54       0x5c src/stm32f4_discovery.o
                0x0000000008008f54                STM_EVAL_LEDInit
 .text.STM_EVAL_LEDToggle
                0x0000000008008fb0       0x3c src/stm32f4_discovery.o
                0x0000000008008fb0                STM_EVAL_LEDToggle
 .text.STM_EVAL_PBInit
                0x0000000008008fec       0x98 src/stm32f4_discovery.o
                0x0000000008008fec                STM_EVAL_PBInit
 .text.NMI_Handler
                0x0000000008009084        0xe src/stm32f4xx_it.o
                0x0000000008009084                NMI_Handler
 .text.HardFault_Handler
                0x0000000008009092        0x6 src/stm32f4xx_it.o
                0x0000000008009092                HardFault_Handler
 .text.MemManage_Handler
                0x0000000008009098        0x6 src/stm32f4xx_it.o
                0x0000000008009098                MemManage_Handler
 .text.BusFault_Handler
                0x000000000800909e        0x6 src/stm32f4xx_it.o
                0x000000000800909e                BusFault_Handler
 .text.UsageFault_Handler
                0x00000000080090a4        0x6 src/stm32f4xx_it.o
                0x00000000080090a4                UsageFault_Handler
 *fill*         0x00000000080090aa        0x2 
 .text.SystemInit
                0x00000000080090ac       0x6c src/system_stm32f4xx.o
                0x00000000080090ac                SystemInit
 .text.SetSysClock
                0x0000000008009118       0xf8 src/system_stm32f4xx.o
 .text.Reset_Handler
                0x0000000008009210       0x48 startup/startup_stm32f4xx.o
                0x0000000008009210                Reset_Handler
 .text.Default_Handler
                0x0000000008009258        0x2 startup/startup_stm32f4xx.o
                0x0000000008009258                RTC_Alarm_IRQHandler
                0x0000000008009258                HASH_RNG_IRQHandler
                0x0000000008009258                EXTI2_IRQHandler
                0x0000000008009258                TIM8_CC_IRQHandler
                0x0000000008009258                DebugMon_Handler
                0x0000000008009258                TIM1_CC_IRQHandler
                0x0000000008009258                DMA2_Stream5_IRQHandler
                0x0000000008009258                DMA1_Stream5_IRQHandler
                0x0000000008009258                PVD_IRQHandler
                0x0000000008009258                SDIO_IRQHandler
                0x0000000008009258                TAMP_STAMP_IRQHandler
                0x0000000008009258                CAN2_RX1_IRQHandler
                0x0000000008009258                EXTI3_IRQHandler
                0x0000000008009258                TIM8_TRG_COM_TIM14_IRQHandler
                0x0000000008009258                TIM1_UP_TIM10_IRQHandler
                0x0000000008009258                TIM8_UP_TIM13_IRQHandler
                0x0000000008009258                I2C3_ER_IRQHandler
                0x0000000008009258                I2C2_EV_IRQHandler
                0x0000000008009258                DMA1_Stream2_IRQHandler
                0x0000000008009258                CAN1_RX0_IRQHandler
                0x0000000008009258                FPU_IRQHandler
                0x0000000008009258                OTG_HS_WKUP_IRQHandler
                0x0000000008009258                CAN2_SCE_IRQHandler
                0x0000000008009258                DMA2_Stream2_IRQHandler
                0x0000000008009258                SPI1_IRQHandler
                0x0000000008009258                TIM6_DAC_IRQHandler
                0x0000000008009258                TIM1_BRK_TIM9_IRQHandler
                0x0000000008009258                DCMI_IRQHandler
                0x0000000008009258                CAN2_RX0_IRQHandler
                0x0000000008009258                DMA2_Stream3_IRQHandler
                0x0000000008009258                USART6_IRQHandler
                0x0000000008009258                USART3_IRQHandler
                0x0000000008009258                CRYP_IRQHandler
                0x0000000008009258                CAN1_RX1_IRQHandler
                0x0000000008009258                UART5_IRQHandler
                0x0000000008009258                DMA2_Stream0_IRQHandler
                0x0000000008009258                TIM4_IRQHandler
                0x0000000008009258                I2C1_EV_IRQHandler
                0x0000000008009258                DMA1_Stream6_IRQHandler
                0x0000000008009258                DMA1_Stream1_IRQHandler
                0x0000000008009258                UART4_IRQHandler
                0x0000000008009258                RCC_IRQHandler
                0x0000000008009258                TIM8_BRK_TIM12_IRQHandler
                0x0000000008009258                Default_Handler
                0x0000000008009258                EXTI15_10_IRQHandler
                0x0000000008009258                ADC_IRQHandler
                0x0000000008009258                DMA1_Stream7_IRQHandler
                0x0000000008009258                TIM7_IRQHandler
                0x0000000008009258                CAN2_TX_IRQHandler
                0x0000000008009258                TIM5_IRQHandler
                0x0000000008009258                DMA2_Stream7_IRQHandler
                0x0000000008009258                I2C3_EV_IRQHandler
                0x0000000008009258                EXTI9_5_IRQHandler
                0x0000000008009258                RTC_WKUP_IRQHandler
                0x0000000008009258                ETH_WKUP_IRQHandler
                0x0000000008009258                SPI2_IRQHandler
                0x0000000008009258                OTG_HS_EP1_IN_IRQHandler
                0x0000000008009258                DMA1_Stream0_IRQHandler
                0x0000000008009258                CAN1_TX_IRQHandler
                0x0000000008009258                EXTI4_IRQHandler
                0x0000000008009258                FSMC_IRQHandler
                0x0000000008009258                ETH_IRQHandler
                0x0000000008009258                OTG_HS_EP1_OUT_IRQHandler
                0x0000000008009258                WWDG_IRQHandler
                0x0000000008009258                OTG_FS_WKUP_IRQHandler
                0x0000000008009258                TIM1_TRG_COM_TIM11_IRQHandler
                0x0000000008009258                OTG_HS_IRQHandler
                0x0000000008009258                EXTI1_IRQHandler
                0x0000000008009258                USART2_IRQHandler
                0x0000000008009258                I2C2_ER_IRQHandler
                0x0000000008009258                DMA2_Stream1_IRQHandler
                0x0000000008009258                CAN1_SCE_IRQHandler
                0x0000000008009258                FLASH_IRQHandler
                0x0000000008009258                DMA2_Stream4_IRQHandler
                0x0000000008009258                USART1_IRQHandler
                0x0000000008009258                OTG_FS_IRQHandler
                0x0000000008009258                SPI3_IRQHandler
                0x0000000008009258                DMA1_Stream4_IRQHandler
                0x0000000008009258                I2C1_ER_IRQHandler
                0x0000000008009258                DMA2_Stream6_IRQHandler
                0x0000000008009258                DMA1_Stream3_IRQHandler
 *fill*         0x000000000800925a        0x2 
 .text.__libc_init_array
                0x000000000800925c       0x48 /opt/Atollic_TrueSTUDIO_for_STM32_x86_64_9.0.0/ARMTools/bin/../lib/gcc/arm-atollic-eabi/6.3.1/../../../../arm-atollic-eabi/lib/armv7e-m/fpu/libc_nano.a(lib_a-init.o)
                0x000000000800925c                __libc_init_array
 .text.memcpy   0x00000000080092a4       0x16 /opt/Atollic_TrueSTUDIO_for_STM32_x86_64_9.0.0/ARMTools/bin/../lib/gcc/arm-atollic-eabi/6.3.1/../../../../arm-atollic-eabi/lib/armv7e-m/fpu/libc_nano.a(lib_a-memcpy-stub.o)
                0x00000000080092a4                memcpy
 .text.memset   0x00000000080092ba       0x10 /opt/Atollic_TrueSTUDIO_for_STM32_x86_64_9.0.0/ARMTools/bin/../lib/gcc/arm-atollic-eabi/6.3.1/../../../../arm-atollic-eabi/lib/armv7e-m/fpu/libc_nano.a(lib_a-memset.o)
                0x00000000080092ba                memset
 *(.glue_7)
 .glue_7        0x00000000080092ca        0x0 linker stubs
 *(.glue_7t)
 .glue_7t       0x00000000080092ca        0x0 linker stubs
 *(.eh_frame)
 *fill*         0x00000000080092ca        0x2 
 .eh_frame      0x00000000080092cc        0x0 /opt/Atollic_TrueSTUDIO_for_STM32_x86_64_9.0.0/ARMTools/bin/../lib/gcc/arm-atollic-eabi/6.3.1/armv7e-m/fpu/crtbegin.o
 *(.init)
 .init          0x00000000080092cc        0x4 /opt/Atollic_TrueSTUDIO_for_STM32_x86_64_9.0.0/ARMTools/bin/../lib/gcc/arm-atollic-eabi/6.3.1/armv7e-m/fpu/crti.o
                0x00000000080092cc                _init
 .init          0x00000000080092d0        0x8 /opt/Atollic_TrueSTUDIO_for_STM32_x86_64_9.0.0/ARMTools/bin/../lib/gcc/arm-atollic-eabi/6.3.1/armv7e-m/fpu/crtn.o
 *(.fini)
 .fini          0x00000000080092d8        0x4 /opt/Atollic_TrueSTUDIO_for_STM32_x86_64_9.0.0/ARMTools/bin/../lib/gcc/arm-atollic-eabi/6.3.1/armv7e-m/fpu/crti.o
                0x00000000080092d8                _fini
 .fini          0x00000000080092dc        0x8 /opt/Atollic_TrueSTUDIO_for_STM32_x86_64_9.0.0/ARMTools/bin/../lib/gcc/arm-atollic-eabi/6.3.1/armv7e-m/fpu/crtn.o
                0x00000000080092e4                . = ALIGN (0x4)
                0x00000000080092e4                _etext = .

.vfp11_veneer   0x00000000080092e4        0x0
 .vfp11_veneer  0x00000000080092e4        0x0 linker stubs

.v4_bx          0x00000000080092e4        0x0
 .v4_bx         0x00000000080092e4        0x0 linker stubs

.iplt           0x00000000080092e4        0x0
 .iplt          0x00000000080092e4        0x0 /opt/Atollic_TrueSTUDIO_for_STM32_x86_64_9.0.0/ARMTools/bin/../lib/gcc/arm-atollic-eabi/6.3.1/armv7e-m/fpu/crtbegin.o

.rodata         0x00000000080092e4      0xae8
                0x00000000080092e4                . = ALIGN (0x4)
 *(.rodata)
 .rodata        0x00000000080092e4       0xca Common/Full/BlockQ.o
 *fill*         0x00000000080093ae        0x2 
 .rodata        0x00000000080093b0       0x3f Common/Full/GenQTest.o
 *fill*         0x00000000080093ef        0x1 
 .rodata        0x00000000080093f0       0xa8 Common/Full/PollQ.o
 .rodata        0x0000000008009498       0x23 Common/Full/blocktim.o
 *fill*         0x00000000080094bb        0x1 
 .rodata        0x00000000080094bc       0x2d Common/Full/countsem.o
 *fill*         0x00000000080094e9        0x3 
 .rodata        0x00000000080094ec       0x35 Common/Full/death.o
 *fill*         0x0000000008009521        0x3 
 .rodata        0x0000000008009524      0x1aa Common/Full/dynamic.o
 *fill*         0x00000000080096ce        0x2 
 .rodata        0x00000000080096d0       0x21 Common/Full/flash.o
 *fill*         0x00000000080096f1        0x3 
 .rodata        0x00000000080096f4       0xfe Common/Full/flop.o
 *fill*         0x00000000080097f2        0x2 
 .rodata        0x00000000080097f4      0x15e Common/Full/integer.o
 *fill*         0x0000000008009952        0x2 
 .rodata        0x0000000008009954       0x25 Common/Full/recmutex.o
 *fill*         0x0000000008009979        0x3 
 .rodata        0x000000000800997c       0x78 Common/Full/semtest.o
 .rodata        0x00000000080099f4        0x5 FreeRTOS/tasks.o
 *fill*         0x00000000080099f9        0x3 
 .rodata        0x00000000080099fc        0xd FreeRTOS/timers.o
 *fill*         0x0000000008009a09        0x3 
 .rodata        0x0000000008009a0c       0x17 Trace/streamports/Jlink_RTT/SEGGER_RTT.o
 *fill*         0x0000000008009a23        0x1 
 .rodata        0x0000000008009a24       0xf5 Trace/trcKernelPort.o
 *fill*         0x0000000008009b19        0x3 
 .rodata        0x0000000008009b1c      0x272 Trace/trcStreamingRecorder.o
 *fill*         0x0000000008009d8e        0x2 
 .rodata        0x0000000008009d90       0x13 src/main.o
 *(.rodata*)
 *fill*         0x0000000008009da3        0x1 
 .rodata.pcTaskStartMsg
                0x0000000008009da4        0x4 Common/Full/flash.o
                0x0000000008009da4                pcTaskStartMsg
 .rodata.pcPollingSemaphoreTaskError
                0x0000000008009da8        0x4 Common/Full/semtest.o
                0x0000000008009da8                pcPollingSemaphoreTaskError
 .rodata.pcSemaphoreTaskStart
                0x0000000008009dac        0x4 Common/Full/semtest.o
                0x0000000008009dac                pcSemaphoreTaskStart
 .rodata.xLEDs  0x0000000008009db0        0x4 src/ParTest.o
 .rodata.GPIO_PIN
                0x0000000008009db4        0x8 src/stm32f4_discovery.o
                0x0000000008009db4                GPIO_PIN
 .rodata.GPIO_CLK
                0x0000000008009dbc       0x10 src/stm32f4_discovery.o
                0x0000000008009dbc                GPIO_CLK
                0x0000000008009dcc                . = ALIGN (0x4)

.rel.dyn        0x0000000008009dcc        0x0
 .rel.iplt      0x0000000008009dcc        0x0 /opt/Atollic_TrueSTUDIO_for_STM32_x86_64_9.0.0/ARMTools/bin/../lib/gcc/arm-atollic-eabi/6.3.1/armv7e-m/fpu/crtbegin.o

.ARM.extab
 *(.ARM.extab* .gnu.linkonce.armextab.*)

.ARM            0x0000000008009dcc        0x0
                0x0000000008009dcc                __exidx_start = .
 *(.ARM.exidx*)
                0x0000000008009dcc                __exidx_end = .

.preinit_array  0x0000000008009dcc        0x0
                0x0000000008009dcc                PROVIDE (__preinit_array_start, .)
 *(.preinit_array*)
                0x0000000008009dcc                PROVIDE (__preinit_array_end, .)

.init_array     0x0000000008009dcc        0x4
                0x0000000008009dcc                PROVIDE (__init_array_start, .)
 *(SORT(.init_array.*))
 *(.init_array*)
 .init_array    0x0000000008009dcc        0x4 /opt/Atollic_TrueSTUDIO_for_STM32_x86_64_9.0.0/ARMTools/bin/../lib/gcc/arm-atollic-eabi/6.3.1/armv7e-m/fpu/crtbegin.o
                0x0000000008009dd0                PROVIDE (__init_array_end, .)

.fini_array     0x0000000008009dd0        0x4
                [!provide]                        PROVIDE (__fini_array_start, .)
 *(SORT(.fini_array.*))
 *(.fini_array*)
 .fini_array    0x0000000008009dd0        0x4 /opt/Atollic_TrueSTUDIO_for_STM32_x86_64_9.0.0/ARMTools/bin/../lib/gcc/arm-atollic-eabi/6.3.1/armv7e-m/fpu/crtbegin.o
                [!provide]                        PROVIDE (__fini_array_end, .)
                0x0000000008009dd4                _sidata = LOADADDR (.data)

.data           0x0000000020000000       0x28 load address 0x0000000008009dd4
                0x0000000020000000                . = ALIGN (0x4)
                0x0000000020000000                _sdata = .
 *(.data)
 *(.data*)
 .data.uxCriticalNesting
                0x0000000020000000        0x4 FreeRTOS/portable/GCC/ARM_CM4F/port.o
 .data.ISR_stack_index
                0x0000000020000004        0x1 Trace/trcStreamingRecorder.o
 *fill*         0x0000000020000005        0x3 
 .data.PSFEndianessIdentifier
                0x0000000020000008        0x4 Trace/trcStreamingRecorder.o
 .data.FormatVersion
                0x000000002000000c        0x2 Trace/trcStreamingRecorder.o
 *fill*         0x000000002000000e        0x2 
 .data.GPIO_PORT
                0x0000000020000010       0x10 src/stm32f4_discovery.o
                0x0000000020000010                GPIO_PORT
 .data.BUTTON_PORT
                0x0000000020000020        0x4 src/stm32f4_discovery.o
                0x0000000020000020                BUTTON_PORT
 .data.SystemCoreClock
                0x0000000020000024        0x4 src/system_stm32f4xx.o
                0x0000000020000024                SystemCoreClock
                0x0000000020000028                . = ALIGN (0x4)
                0x0000000020000028                _edata = .
                0x0000000008009dfc                _siccmram = LOADADDR (.ccmram)

.igot.plt       0x0000000020000028        0x0 load address 0x0000000008009dfc
 .igot.plt      0x0000000020000028        0x0 /opt/Atollic_TrueSTUDIO_for_STM32_x86_64_9.0.0/ARMTools/bin/../lib/gcc/arm-atollic-eabi/6.3.1/armv7e-m/fpu/crtbegin.o

.ccmram         0x0000000010000000        0x0 load address 0x0000000008009dfc
                0x0000000010000000                . = ALIGN (0x4)
                0x0000000010000000                _sccmram = .
 *(.ccmram)
 *(.ccmram*)
                0x0000000010000000                . = ALIGN (0x4)
                0x0000000010000000                _eccmram = .
                0x0000000010000000                . = ALIGN (0x4)

.bss            0x0000000020000028    0x15e64
                0x0000000020000028                _sbss = .
                0x0000000020000028                __bss_start__ = _sbss
 *(.bss)
 .bss           0x0000000020000028       0x1c /opt/Atollic_TrueSTUDIO_for_STM32_x86_64_9.0.0/ARMTools/bin/../lib/gcc/arm-atollic-eabi/6.3.1/armv7e-m/fpu/crtbegin.o
 *(.bss*)
 .bss.sBlockingConsumerCount
                0x0000000020000044        0x6 Common/Full/BlockQ.o
 *fill*         0x000000002000004a        0x2 
 .bss.sBlockingProducerCount
                0x000000002000004c        0x6 Common/Full/BlockQ.o
 *fill*         0x0000000020000052        0x2 
 .bss.sLastBlockingConsumerCount.10152
                0x0000000020000054        0x6 Common/Full/BlockQ.o
 *fill*         0x000000002000005a        0x2 
 .bss.sLastBlockingProducerCount.10153
                0x000000002000005c        0x6 Common/Full/BlockQ.o
 *fill*         0x0000000020000062        0x2 
 .bss.xErrorDetected
                0x0000000020000064        0x4 Common/Full/GenQTest.o
 .bss.ulLoopCounter
                0x0000000020000068        0x4 Common/Full/GenQTest.o
 .bss.ulLoopCounter2
                0x000000002000006c        0x4 Common/Full/GenQTest.o
 .bss.ulGuardedVariable
                0x0000000020000070        0x4 Common/Full/GenQTest.o
 .bss.xHighPriorityMutexTask
                0x0000000020000074        0x4 Common/Full/GenQTest.o
 .bss.xMediumPriorityMutexTask
                0x0000000020000078        0x4 Common/Full/GenQTest.o
 .bss.ulLastLoopCounter.10168
                0x000000002000007c        0x4 Common/Full/GenQTest.o
 .bss.ulLastLoopCounter2.10169
                0x0000000020000080        0x4 Common/Full/GenQTest.o
 .bss.sPollingConsumerCount
                0x0000000020000084        0x2 Common/Full/PollQ.o
 .bss.sPollingProducerCount
                0x0000000020000086        0x2 Common/Full/PollQ.o
 .bss.xPolledQueue.10115
                0x0000000020000088        0x4 Common/Full/PollQ.o
 .bss.sLastPollingConsumerCount.10149
                0x000000002000008c        0x2 Common/Full/PollQ.o
 .bss.sLastPollingProducerCount.10150
                0x000000002000008e        0x2 Common/Full/PollQ.o
 .bss.xTestQueue
                0x0000000020000090        0x4 Common/Full/blocktim.o
 .bss.xSecondary
                0x0000000020000094        0x4 Common/Full/blocktim.o
 .bss.xPrimaryCycles
                0x0000000020000098        0x4 Common/Full/blocktim.o
 .bss.xSecondaryCycles
                0x000000002000009c        0x4 Common/Full/blocktim.o
 .bss.xErrorOccurred
                0x00000000200000a0        0x4 Common/Full/blocktim.o
 .bss.xRunIndicator
                0x00000000200000a4        0x4 Common/Full/blocktim.o
 .bss.xLastPrimaryCycleCount.9583
                0x00000000200000a8        0x4 Common/Full/blocktim.o
 .bss.xLastSecondaryCycleCount.9584
                0x00000000200000ac        0x4 Common/Full/blocktim.o
 .bss.xErrorDetected
                0x00000000200000b0        0x4 Common/Full/countsem.o
 .bss.xParameters
                0x00000000200000b4       0x18 Common/Full/countsem.o
 .bss.sCreationCount
                0x00000000200000cc        0x2 Common/Full/death.o
 *fill*         0x00000000200000ce        0x2 
 .bss.uxTasksRunningAtStart
                0x00000000200000d0        0x4 Common/Full/death.o
 .bss.sLastCreationCount.10024
                0x00000000200000d4        0x2 Common/Full/death.o
 *fill*         0x00000000200000d6        0x2 
 .bss.xContinuousIncrementHandle
                0x00000000200000d8        0x4 Common/Full/dynamic.o
 .bss.xLimitedIncrementHandle
                0x00000000200000dc        0x4 Common/Full/dynamic.o
 .bss.xChangePriorityWhenSuspendedHandle
                0x00000000200000e0        0x4 Common/Full/dynamic.o
 .bss.ulCounter
                0x00000000200000e4        0x4 Common/Full/dynamic.o
 .bss.ulPrioritySetCounter
                0x00000000200000e8        0x4 Common/Full/dynamic.o
 .bss.usCheckVariable
                0x00000000200000ec        0x2 Common/Full/dynamic.o
 *fill*         0x00000000200000ee        0x2 
 .bss.xSuspendedQueueSendError
                0x00000000200000f0        0x4 Common/Full/dynamic.o
 .bss.xSuspendedQueueReceiveError
                0x00000000200000f4        0x4 Common/Full/dynamic.o
 .bss.xPriorityRaiseWhenSuspendedError
                0x00000000200000f8        0x4 Common/Full/dynamic.o
 .bss.ulValueToSend.10160
                0x00000000200000fc        0x4 Common/Full/dynamic.o
 .bss.ulReceivedValue.10168
                0x0000000020000100        0x4 Common/Full/dynamic.o
 .bss.ulExpectedValue.10167
                0x0000000020000104        0x4 Common/Full/dynamic.o
 .bss.usLastTaskCheck.10188
                0x0000000020000108        0x2 Common/Full/dynamic.o
 *fill*         0x000000002000010a        0x2 
 .bss.usTaskCheck
                0x000000002000010c       0x10 Common/Full/flop.o
 .bss.usLastTaskCheck.10588
                0x000000002000011c       0x10 Common/Full/flop.o
 .bss.usTaskCheck
                0x000000002000012c       0x10 Common/Full/integer.o
 .bss.usLastTaskCheck.10072
                0x000000002000013c       0x10 Common/Full/integer.o
 .bss.xMutex    0x000000002000014c        0x4 Common/Full/recmutex.o
 .bss.xErrorOccurred
                0x0000000020000150        0x4 Common/Full/recmutex.o
 .bss.xControllingIsSuspended
                0x0000000020000154        0x4 Common/Full/recmutex.o
 .bss.xBlockingIsSuspended
                0x0000000020000158        0x4 Common/Full/recmutex.o
 .bss.uxControllingCycles
                0x000000002000015c        0x4 Common/Full/recmutex.o
 .bss.uxBlockingCycles
                0x0000000020000160        0x4 Common/Full/recmutex.o
 .bss.uxPollingCycles
                0x0000000020000164        0x4 Common/Full/recmutex.o
 .bss.xControllingTaskHandle
                0x0000000020000168        0x4 Common/Full/recmutex.o
 .bss.xBlockingTaskHandle
                0x000000002000016c        0x4 Common/Full/recmutex.o
 .bss.uxLastControllingCycles.9549
                0x0000000020000170        0x4 Common/Full/recmutex.o
 .bss.uxLastBlockingCycles.9550
                0x0000000020000174        0x4 Common/Full/recmutex.o
 .bss.uxLastPollingCycles.9551
                0x0000000020000178        0x4 Common/Full/recmutex.o
 .bss.sCheckVariables
                0x000000002000017c        0x8 Common/Full/semtest.o
 .bss.sNextCheckVariable
                0x0000000020000184        0x2 Common/Full/semtest.o
 *fill*         0x0000000020000186        0x2 
 .bss.sLastCheckVariables.10140
                0x0000000020000188        0x8 Common/Full/semtest.o
 .bss.ucMaxSysCallPriority
                0x0000000020000190        0x1 FreeRTOS/portable/GCC/ARM_CM4F/port.o
 *fill*         0x0000000020000191        0x3 
 .bss.ulMaxPRIGROUPValue
                0x0000000020000194        0x4 FreeRTOS/portable/GCC/ARM_CM4F/port.o
 .bss.ucHeap    0x0000000020000198    0x14000 FreeRTOS/portable/MemMang/heap_4.o
 .bss.xStart    0x0000000020014198        0x8 FreeRTOS/portable/MemMang/heap_4.o
 .bss.pxEnd     0x00000000200141a0        0x4 FreeRTOS/portable/MemMang/heap_4.o
 .bss.xFreeBytesRemaining
                0x00000000200141a4        0x4 FreeRTOS/portable/MemMang/heap_4.o
 .bss.xMinimumEverFreeBytesRemaining
                0x00000000200141a8        0x4 FreeRTOS/portable/MemMang/heap_4.o
 .bss.xBlockAllocatedBit
                0x00000000200141ac        0x4 FreeRTOS/portable/MemMang/heap_4.o
 .bss.pxCurrentTCB
                0x00000000200141b0        0x4 FreeRTOS/tasks.o
                0x00000000200141b0                pxCurrentTCB
 .bss.pxReadyTasksLists
                0x00000000200141b4       0x64 FreeRTOS/tasks.o
 .bss.xDelayedTaskList1
                0x0000000020014218       0x14 FreeRTOS/tasks.o
 .bss.xDelayedTaskList2
                0x000000002001422c       0x14 FreeRTOS/tasks.o
 .bss.pxDelayedTaskList
                0x0000000020014240        0x4 FreeRTOS/tasks.o
 .bss.pxOverflowDelayedTaskList
                0x0000000020014244        0x4 FreeRTOS/tasks.o
 .bss.xPendingReadyList
                0x0000000020014248       0x14 FreeRTOS/tasks.o
 .bss.xTasksWaitingTermination
                0x000000002001425c       0x14 FreeRTOS/tasks.o
 .bss.uxDeletedTasksWaitingCleanUp
                0x0000000020014270        0x4 FreeRTOS/tasks.o
 .bss.xSuspendedTaskList
                0x0000000020014274       0x14 FreeRTOS/tasks.o
 .bss.uxCurrentNumberOfTasks
                0x0000000020014288        0x4 FreeRTOS/tasks.o
 .bss.xTickCount
                0x000000002001428c        0x4 FreeRTOS/tasks.o
 .bss.uxTopReadyPriority
                0x0000000020014290        0x4 FreeRTOS/tasks.o
 .bss.xSchedulerRunning
                0x0000000020014294        0x4 FreeRTOS/tasks.o
 .bss.uxPendedTicks
                0x0000000020014298        0x4 FreeRTOS/tasks.o
 .bss.xYieldPending
                0x000000002001429c        0x4 FreeRTOS/tasks.o
 .bss.xNumOfOverflows
                0x00000000200142a0        0x4 FreeRTOS/tasks.o
 .bss.uxTaskNumber
                0x00000000200142a4        0x4 FreeRTOS/tasks.o
 .bss.xNextTaskUnblockTime
                0x00000000200142a8        0x4 FreeRTOS/tasks.o
 .bss.xIdleTaskHandle
                0x00000000200142ac        0x4 FreeRTOS/tasks.o
 .bss.uxSchedulerSuspended
                0x00000000200142b0        0x4 FreeRTOS/tasks.o
 .bss.xActiveTimerList1
                0x00000000200142b4       0x14 FreeRTOS/timers.o
 .bss.xActiveTimerList2
                0x00000000200142c8       0x14 FreeRTOS/timers.o
 .bss.pxCurrentTimerList
                0x00000000200142dc        0x4 FreeRTOS/timers.o
 .bss.pxOverflowTimerList
                0x00000000200142e0        0x4 FreeRTOS/timers.o
 .bss.xTimerQueue
                0x00000000200142e4        0x4 FreeRTOS/timers.o
 .bss.xTimerTaskHandle
                0x00000000200142e8        0x4 FreeRTOS/timers.o
 .bss.xLastTime.10291
                0x00000000200142ec        0x4 FreeRTOS/timers.o
 .bss._acUpBuffer
                0x00000000200142f0       0x40 Trace/streamports/Jlink_RTT/SEGGER_RTT.o
 .bss._acDownBuffer
                0x0000000020014330       0x10 Trace/streamports/Jlink_RTT/SEGGER_RTT.o
 .bss.pCurrentTCB
                0x0000000020014340        0x4 Trace/trcKernelPort.o
 .bss.HandleTzCtrl
                0x0000000020014344        0x4 Trace/trcKernelPort.o
 .bss.NoRoomForSymbol_last
                0x0000000020014348        0x4 Trace/trcKernelPort.o
 .bss.NoRoomForObjectData_last
                0x000000002001434c        0x4 Trace/trcKernelPort.o
 .bss.LongestSymbolName_last
                0x0000000020014350        0x4 Trace/trcKernelPort.o
 .bss.MaxBytesTruncated_last
                0x0000000020014354        0x4 Trace/trcKernelPort.o
 .bss._TzCtrlData
                0x0000000020014358       0x20 Trace/trcKernelPort.o
 .bss.symbolTable
                0x0000000020014378      0x500 Trace/trcStreamingRecorder.o
 .bss.firstFreeSymbolTableIndex
                0x0000000020014878        0x4 Trace/trcStreamingRecorder.o
 .bss.objectDataTable
                0x000000002001487c      0x140 Trace/trcStreamingRecorder.o
 .bss.firstFreeObjectDataTableIndex
                0x00000000200149bc        0x4 Trace/trcStreamingRecorder.o
 .bss.errorCode
                0x00000000200149c0        0x4 Trace/trcStreamingRecorder.o
 .bss.SessionCounter
                0x00000000200149c4        0x4 Trace/trcStreamingRecorder.o
 .bss.RecorderEnabled
                0x00000000200149c8        0x4 Trace/trcStreamingRecorder.o
                0x00000000200149c8                RecorderEnabled
 .bss.eventCounter
                0x00000000200149cc        0x4 Trace/trcStreamingRecorder.o
 .bss.uiTraceTickCount
                0x00000000200149d0        0x4 Trace/trcStreamingRecorder.o
                0x00000000200149d0                uiTraceTickCount
 .bss.timestampFrequency
                0x00000000200149d4        0x4 Trace/trcStreamingRecorder.o
                0x00000000200149d4                timestampFrequency
 .bss.NoRoomForSymbol
                0x00000000200149d8        0x4 Trace/trcStreamingRecorder.o
                0x00000000200149d8                NoRoomForSymbol
 .bss.NoRoomForObjectData
                0x00000000200149dc        0x4 Trace/trcStreamingRecorder.o
                0x00000000200149dc                NoRoomForObjectData
 .bss.LongestSymbolName
                0x00000000200149e0        0x4 Trace/trcStreamingRecorder.o
                0x00000000200149e0                LongestSymbolName
 .bss.MaxBytesTruncated
                0x00000000200149e4        0x4 Trace/trcStreamingRecorder.o
                0x00000000200149e4                MaxBytesTruncated
 .bss.ulRegTest1LoopCounter
                0x00000000200149e8        0x4 src/main.o
                0x00000000200149e8                ulRegTest1LoopCounter
 .bss.ulRegTest2LoopCounter
                0x00000000200149ec        0x4 src/main.o
                0x00000000200149ec                ulRegTest2LoopCounter
 .bss.ulFPUInterruptNesting
                0x00000000200149f0        0x4 src/main.o
                0x00000000200149f0                ulFPUInterruptNesting
 .bss.ulMaxFPUInterruptNesting
                0x00000000200149f4        0x4 src/main.o
                0x00000000200149f4                ulMaxFPUInterruptNesting
 .bss.xTestSemaphore
                0x00000000200149f8        0x4 src/main.o
 .bss.ulButtonPressCounts
                0x00000000200149fc        0x4 src/main.o
                0x00000000200149fc                ulButtonPressCounts
 .bss.ulLastRegTest1Value.9652
                0x0000000020014a00        0x4 src/main.o
 .bss.ulLastRegTest2Value.9653
                0x0000000020014a04        0x4 src/main.o
 .bss.lChangedTimerPeriodAlready.9651
                0x0000000020014a08        0x4 src/main.o
 *(COMMON)
 COMMON         0x0000000020014a0c        0x8 Common/Full/death.o
                0x0000000020014a0c                xCreatedTask1
                0x0000000020014a10                xCreatedTask2
 COMMON         0x0000000020014a14        0x4 Common/Full/dynamic.o
                0x0000000020014a14                xSuspendedTestQueue
 COMMON         0x0000000020014a18       0x40 FreeRTOS/queue.o
                0x0000000020014a18                xQueueRegistry
 COMMON         0x0000000020014a58       0xa8 Trace/streamports/Jlink_RTT/SEGGER_RTT.o
                0x0000000020014a58                _SEGGER_RTT
 COMMON         0x0000000020014b00     0x138c Trace/trcKernelPort.o
                0x0000000020014b00                _TzTraceData
                0x0000000020015e88                trcWarningChannel
                0x0000000020015e8c                . = ALIGN (0x4)
                0x0000000020015e8c                _ebss = .
                0x0000000020015e8c                __bss_end__ = _ebss

._user_heap_stack
                0x0000000020015e8c      0x400
                0x0000000020015e8c                . = ALIGN (0x4)
                0x0000000020015e8c                PROVIDE (end, .)
                [!provide]                        PROVIDE (_end, .)
                0x0000000020015e8c                . = (. + _Min_Heap_Size)
                0x000000002001628c                . = (. + _Min_Stack_Size)
 *fill*         0x0000000020015e8c      0x400 
                0x000000002001628c                . = ALIGN (0x4)

.memory_b1_text
 *(.mb1text)
 *(.mb1text*)
 *(.mb1rodata)
 *(.mb1rodata*)

/DISCARD/
 libc.a(*)
 libm.a(*)
 libgcc.a(*)

.ARM.attributes
                0x0000000000000000       0x30
 *(.ARM.attributes)
 .ARM.attributes
                0x0000000000000000       0x22 /opt/Atollic_TrueSTUDIO_for_STM32_x86_64_9.0.0/ARMTools/bin/../lib/gcc/arm-atollic-eabi/6.3.1/armv7e-m/fpu/crti.o
 .ARM.attributes
                0x0000000000000022       0x34 /opt/Atollic_TrueSTUDIO_for_STM32_x86_64_9.0.0/ARMTools/bin/../lib/gcc/arm-atollic-eabi/6.3.1/armv7e-m/fpu/crtbegin.o
 .ARM.attributes
                0x0000000000000056       0x39 Common/Full/BlockQ.o
 .ARM.attributes
                0x000000000000008f       0x39 Common/Full/GenQTest.o
 .ARM.attributes
                0x00000000000000c8       0x39 Common/Full/PollQ.o
 .ARM.attributes
                0x0000000000000101       0x39 Common/Full/blocktim.o
 .ARM.attributes
                0x000000000000013a       0x39 Common/Full/countsem.o
 .ARM.attributes
                0x0000000000000173       0x39 Common/Full/death.o
 .ARM.attributes
                0x00000000000001ac       0x39 Common/Full/dynamic.o
 .ARM.attributes
                0x00000000000001e5       0x39 Common/Full/flash.o
 .ARM.attributes
                0x000000000000021e       0x39 Common/Full/flop.o
 .ARM.attributes
                0x0000000000000257       0x39 Common/Full/integer.o
 .ARM.attributes
                0x0000000000000290       0x39 Common/Full/print.o
 .ARM.attributes
                0x00000000000002c9       0x39 Common/Full/recmutex.o
 .ARM.attributes
                0x0000000000000302       0x39 Common/Full/semtest.o
 .ARM.attributes
                0x000000000000033b       0x39 FreeRTOS/list.o
 .ARM.attributes
                0x0000000000000374       0x39 FreeRTOS/portable/GCC/ARM_CM4F/port.o
 .ARM.attributes
                0x00000000000003ad       0x39 FreeRTOS/portable/MemMang/heap_4.o
 .ARM.attributes
                0x00000000000003e6       0x39 FreeRTOS/queue.o
 .ARM.attributes
                0x000000000000041f       0x39 FreeRTOS/tasks.o
 .ARM.attributes
                0x0000000000000458       0x39 FreeRTOS/timers.o
 .ARM.attributes
                0x0000000000000491       0x39 StdPeriph_Driver/src/misc.o
 .ARM.attributes
                0x00000000000004ca       0x39 StdPeriph_Driver/src/stm32f4xx_exti.o
 .ARM.attributes
                0x0000000000000503       0x39 StdPeriph_Driver/src/stm32f4xx_gpio.o
 .ARM.attributes
                0x000000000000053c       0x39 StdPeriph_Driver/src/stm32f4xx_rcc.o
 .ARM.attributes
                0x0000000000000575       0x39 StdPeriph_Driver/src/stm32f4xx_syscfg.o
 .ARM.attributes
                0x00000000000005ae       0x39 Trace/streamports/Jlink_RTT/SEGGER_RTT.o
 .ARM.attributes
                0x00000000000005e7       0x39 Trace/trcKernelPort.o
 .ARM.attributes
                0x0000000000000620       0x39 Trace/trcStreamingRecorder.o
 .ARM.attributes
                0x0000000000000659       0x39 src/ParTest.o
 .ARM.attributes
                0x0000000000000692       0x39 src/main.o
 .ARM.attributes
                0x00000000000006cb       0x39 src/stm32f4_discovery.o
 .ARM.attributes
                0x0000000000000704       0x39 src/stm32f4xx_it.o
 .ARM.attributes
                0x000000000000073d       0x39 src/system_stm32f4xx.o
 .ARM.attributes
                0x0000000000000776       0x21 startup/startup_stm32f4xx.o
 .ARM.attributes
                0x0000000000000797       0x34 /opt/Atollic_TrueSTUDIO_for_STM32_x86_64_9.0.0/ARMTools/bin/../lib/gcc/arm-atollic-eabi/6.3.1/../../../../arm-atollic-eabi/lib/armv7e-m/fpu/libc_nano.a(lib_a-init.o)
 .ARM.attributes
                0x00000000000007cb       0x34 /opt/Atollic_TrueSTUDIO_for_STM32_x86_64_9.0.0/ARMTools/bin/../lib/gcc/arm-atollic-eabi/6.3.1/../../../../arm-atollic-eabi/lib/armv7e-m/fpu/libc_nano.a(lib_a-memcpy-stub.o)
 .ARM.attributes
                0x00000000000007ff       0x34 /opt/Atollic_TrueSTUDIO_for_STM32_x86_64_9.0.0/ARMTools/bin/../lib/gcc/arm-atollic-eabi/6.3.1/../../../../arm-atollic-eabi/lib/armv7e-m/fpu/libc_nano.a(lib_a-memset.o)
 .ARM.attributes
                0x0000000000000833       0x22 /opt/Atollic_TrueSTUDIO_for_STM32_x86_64_9.0.0/ARMTools/bin/../lib/gcc/arm-atollic-eabi/6.3.1/armv7e-m/fpu/libgcc.a(_arm_addsubdf3.o)
 .ARM.attributes
                0x0000000000000855       0x22 /opt/Atollic_TrueSTUDIO_for_STM32_x86_64_9.0.0/ARMTools/bin/../lib/gcc/arm-atollic-eabi/6.3.1/armv7e-m/fpu/libgcc.a(_arm_muldivdf3.o)
 .ARM.attributes
                0x0000000000000877       0x22 /opt/Atollic_TrueSTUDIO_for_STM32_x86_64_9.0.0/ARMTools/bin/../lib/gcc/arm-atollic-eabi/6.3.1/armv7e-m/fpu/libgcc.a(_arm_cmpdf2.o)
 .ARM.attributes
                0x0000000000000899       0x22 /opt/Atollic_TrueSTUDIO_for_STM32_x86_64_9.0.0/ARMTools/bin/../lib/gcc/arm-atollic-eabi/6.3.1/armv7e-m/fpu/crtn.o
OUTPUT(STM32F407_FreeRTOS_Trace_Demo.elf elf32-littlearm)

.debug_info     0x0000000000000000    0x17a0f
 .debug_info    0x0000000000000000      0xcff Common/Full/BlockQ.o
 .debug_info    0x0000000000000cff      0xcfc Common/Full/GenQTest.o
 .debug_info    0x00000000000019fb      0xc42 Common/Full/PollQ.o
 .debug_info    0x000000000000263d      0x48f Common/Full/blocktim.o
 .debug_info    0x0000000000002acc      0x474 Common/Full/countsem.o
 .debug_info    0x0000000000002f40      0xbe4 Common/Full/death.o
 .debug_info    0x0000000000003b24      0xd94 Common/Full/dynamic.o
 .debug_info    0x00000000000048b8      0xb1d Common/Full/flash.o
 .debug_info    0x00000000000053d5      0xdfa Common/Full/flop.o
 .debug_info    0x00000000000061cf      0xd89 Common/Full/integer.o
 .debug_info    0x0000000000006f58      0xaf9 Common/Full/print.o
 .debug_info    0x0000000000007a51      0x469 Common/Full/recmutex.o
 .debug_info    0x0000000000007eba      0xc51 Common/Full/semtest.o
 .debug_info    0x0000000000008b0b      0xc32 FreeRTOS/list.o
 .debug_info    0x000000000000973d      0x68b FreeRTOS/portable/GCC/ARM_CM4F/port.o
 .debug_info    0x0000000000009dc8      0xd74 FreeRTOS/portable/MemMang/heap_4.o
 .debug_info    0x000000000000ab3c     0x1dce FreeRTOS/queue.o
 .debug_info    0x000000000000c90a     0x2795 FreeRTOS/tasks.o
 .debug_info    0x000000000000f09f     0x14e5 FreeRTOS/timers.o
 .debug_info    0x0000000000010584      0x54d StdPeriph_Driver/src/misc.o
 .debug_info    0x0000000000010ad1      0x357 StdPeriph_Driver/src/stm32f4xx_exti.o
 .debug_info    0x0000000000010e28      0x628 StdPeriph_Driver/src/stm32f4xx_gpio.o
 .debug_info    0x0000000000011450      0xe67 StdPeriph_Driver/src/stm32f4xx_rcc.o
 .debug_info    0x00000000000122b7      0x2a7 StdPeriph_Driver/src/stm32f4xx_syscfg.o
 .debug_info    0x000000000001255e     0x1536 Trace/streamports/Jlink_RTT/SEGGER_RTT.o
 .debug_info    0x0000000000013a94      0x564 Trace/trcKernelPort.o
 .debug_info    0x0000000000013ff8     0x1d66 Trace/trcStreamingRecorder.o
 .debug_info    0x0000000000015d5e      0x2ef src/ParTest.o
 .debug_info    0x000000000001604d      0x960 src/main.o
 .debug_info    0x00000000000169ad      0x8ae src/stm32f4_discovery.o
 .debug_info    0x000000000001725b      0x110 src/stm32f4xx_it.o
 .debug_info    0x000000000001736b      0x614 src/system_stm32f4xx.o
 .debug_info    0x000000000001797f       0x90 startup/startup_stm32f4xx.o

.debug_abbrev   0x0000000000000000     0x3f24
 .debug_abbrev  0x0000000000000000      0x200 Common/Full/BlockQ.o
 .debug_abbrev  0x0000000000000200      0x23f Common/Full/GenQTest.o
 .debug_abbrev  0x000000000000043f      0x1ca Common/Full/PollQ.o
 .debug_abbrev  0x0000000000000609      0x163 Common/Full/blocktim.o
 .debug_abbrev  0x000000000000076c      0x1c0 Common/Full/countsem.o
 .debug_abbrev  0x000000000000092c      0x1ec Common/Full/death.o
 .debug_abbrev  0x0000000000000b18      0x211 Common/Full/dynamic.o
 .debug_abbrev  0x0000000000000d29      0x1bf Common/Full/flash.o
 .debug_abbrev  0x0000000000000ee8      0x232 Common/Full/flop.o
 .debug_abbrev  0x000000000000111a      0x20f Common/Full/integer.o
 .debug_abbrev  0x0000000000001329      0x1cc Common/Full/print.o
 .debug_abbrev  0x00000000000014f5      0x1b1 Common/Full/recmutex.o
 .debug_abbrev  0x00000000000016a6      0x1ea Common/Full/semtest.o
 .debug_abbrev  0x0000000000001890      0x1cc FreeRTOS/list.o
 .debug_abbrev  0x0000000000001a5c      0x223 FreeRTOS/portable/GCC/ARM_CM4F/port.o
 .debug_abbrev  0x0000000000001c7f      0x2be FreeRTOS/portable/MemMang/heap_4.o
 .debug_abbrev  0x0000000000001f3d      0x2d4 FreeRTOS/queue.o
 .debug_abbrev  0x0000000000002211      0x37c FreeRTOS/tasks.o
 .debug_abbrev  0x000000000000258d      0x28f FreeRTOS/timers.o
 .debug_abbrev  0x000000000000281c      0x172 StdPeriph_Driver/src/misc.o
 .debug_abbrev  0x000000000000298e      0x1bc StdPeriph_Driver/src/stm32f4xx_exti.o
 .debug_abbrev  0x0000000000002b4a      0x1b8 StdPeriph_Driver/src/stm32f4xx_gpio.o
 .debug_abbrev  0x0000000000002d02      0x1cf StdPeriph_Driver/src/stm32f4xx_rcc.o
 .debug_abbrev  0x0000000000002ed1      0x146 StdPeriph_Driver/src/stm32f4xx_syscfg.o
 .debug_abbrev  0x0000000000003017      0x294 Trace/streamports/Jlink_RTT/SEGGER_RTT.o
 .debug_abbrev  0x00000000000032ab      0x1ff Trace/trcKernelPort.o
 .debug_abbrev  0x00000000000034aa      0x351 Trace/trcStreamingRecorder.o
 .debug_abbrev  0x00000000000037fb      0x115 src/ParTest.o
 .debug_abbrev  0x0000000000003910      0x275 src/main.o
 .debug_abbrev  0x0000000000003b85      0x1bd src/stm32f4_discovery.o
 .debug_abbrev  0x0000000000003d42       0x78 src/stm32f4xx_it.o
 .debug_abbrev  0x0000000000003dba      0x158 src/system_stm32f4xx.o
 .debug_abbrev  0x0000000000003f12       0x12 startup/startup_stm32f4xx.o

.debug_aranges  0x0000000000000000      0xf88
 .debug_aranges
                0x0000000000000000       0x38 Common/Full/BlockQ.o
 .debug_aranges
                0x0000000000000038       0x58 Common/Full/GenQTest.o
 .debug_aranges
                0x0000000000000090       0x38 Common/Full/PollQ.o
 .debug_aranges
                0x00000000000000c8       0x40 Common/Full/blocktim.o
 .debug_aranges
                0x0000000000000108       0x40 Common/Full/countsem.o
 .debug_aranges
                0x0000000000000148       0x38 Common/Full/death.o
 .debug_aranges
                0x0000000000000180       0x60 Common/Full/dynamic.o
 .debug_aranges
                0x00000000000001e0       0x28 Common/Full/flash.o
 .debug_aranges
                0x0000000000000208       0x48 Common/Full/flop.o
 .debug_aranges
                0x0000000000000250       0x48 Common/Full/integer.o
 .debug_aranges
                0x0000000000000298       0x30 Common/Full/print.o
 .debug_aranges
                0x00000000000002c8       0x40 Common/Full/recmutex.o
 .debug_aranges
                0x0000000000000308       0x30 Common/Full/semtest.o
 .debug_aranges
                0x0000000000000338       0x40 FreeRTOS/list.o
 .debug_aranges
                0x0000000000000378       0x80 FreeRTOS/portable/GCC/ARM_CM4F/port.o
 .debug_aranges
                0x00000000000003f8       0x50 FreeRTOS/portable/MemMang/heap_4.o
 .debug_aranges
                0x0000000000000448      0x120 FreeRTOS/queue.o
 .debug_aranges
                0x0000000000000568      0x1d8 FreeRTOS/tasks.o
 .debug_aranges
                0x0000000000000740       0xb8 FreeRTOS/timers.o
 .debug_aranges
                0x00000000000007f8       0x40 StdPeriph_Driver/src/misc.o
 .debug_aranges
                0x0000000000000838       0x58 StdPeriph_Driver/src/stm32f4xx_exti.o
 .debug_aranges
                0x0000000000000890       0x88 StdPeriph_Driver/src/stm32f4xx_gpio.o
 .debug_aranges
                0x0000000000000918      0x1c0 StdPeriph_Driver/src/stm32f4xx_rcc.o
 .debug_aranges
                0x0000000000000ad8       0x50 StdPeriph_Driver/src/stm32f4xx_syscfg.o
 .debug_aranges
                0x0000000000000b28       0xf0 Trace/streamports/Jlink_RTT/SEGGER_RTT.o
 .debug_aranges
                0x0000000000000c18       0x70 Trace/trcKernelPort.o
 .debug_aranges
                0x0000000000000c88      0x168 Trace/trcStreamingRecorder.o
 .debug_aranges
                0x0000000000000df0       0x30 src/ParTest.o
 .debug_aranges
                0x0000000000000e20       0x88 src/main.o
 .debug_aranges
                0x0000000000000ea8       0x48 src/stm32f4_discovery.o
 .debug_aranges
                0x0000000000000ef0       0x40 src/stm32f4xx_it.o
 .debug_aranges
                0x0000000000000f30       0x30 src/system_stm32f4xx.o
 .debug_aranges
                0x0000000000000f60       0x28 startup/startup_stm32f4xx.o

.debug_ranges   0x0000000000000000      0xd80
 .debug_ranges  0x0000000000000000       0x28 Common/Full/BlockQ.o
 .debug_ranges  0x0000000000000028       0x48 Common/Full/GenQTest.o
 .debug_ranges  0x0000000000000070       0x28 Common/Full/PollQ.o
 .debug_ranges  0x0000000000000098       0x30 Common/Full/blocktim.o
 .debug_ranges  0x00000000000000c8       0x30 Common/Full/countsem.o
 .debug_ranges  0x00000000000000f8       0x28 Common/Full/death.o
 .debug_ranges  0x0000000000000120       0x50 Common/Full/dynamic.o
 .debug_ranges  0x0000000000000170       0x18 Common/Full/flash.o
 .debug_ranges  0x0000000000000188       0x38 Common/Full/flop.o
 .debug_ranges  0x00000000000001c0       0x38 Common/Full/integer.o
 .debug_ranges  0x00000000000001f8       0x20 Common/Full/print.o
 .debug_ranges  0x0000000000000218       0x30 Common/Full/recmutex.o
 .debug_ranges  0x0000000000000248       0x20 Common/Full/semtest.o
 .debug_ranges  0x0000000000000268       0x30 FreeRTOS/list.o
 .debug_ranges  0x0000000000000298       0x70 FreeRTOS/portable/GCC/ARM_CM4F/port.o
 .debug_ranges  0x0000000000000308       0x40 FreeRTOS/portable/MemMang/heap_4.o
 .debug_ranges  0x0000000000000348      0x110 FreeRTOS/queue.o
 .debug_ranges  0x0000000000000458      0x1c8 FreeRTOS/tasks.o
 .debug_ranges  0x0000000000000620       0xa8 FreeRTOS/timers.o
 .debug_ranges  0x00000000000006c8       0x30 StdPeriph_Driver/src/misc.o
 .debug_ranges  0x00000000000006f8       0x48 StdPeriph_Driver/src/stm32f4xx_exti.o
 .debug_ranges  0x0000000000000740       0x78 StdPeriph_Driver/src/stm32f4xx_gpio.o
 .debug_ranges  0x00000000000007b8      0x1b0 StdPeriph_Driver/src/stm32f4xx_rcc.o
 .debug_ranges  0x0000000000000968       0x40 StdPeriph_Driver/src/stm32f4xx_syscfg.o
 .debug_ranges  0x00000000000009a8       0xe0 Trace/streamports/Jlink_RTT/SEGGER_RTT.o
 .debug_ranges  0x0000000000000a88       0x60 Trace/trcKernelPort.o
 .debug_ranges  0x0000000000000ae8      0x158 Trace/trcStreamingRecorder.o
 .debug_ranges  0x0000000000000c40       0x20 src/ParTest.o
 .debug_ranges  0x0000000000000c60       0x78 src/main.o
 .debug_ranges  0x0000000000000cd8       0x38 src/stm32f4_discovery.o
 .debug_ranges  0x0000000000000d10       0x30 src/stm32f4xx_it.o
 .debug_ranges  0x0000000000000d40       0x20 src/system_stm32f4xx.o
 .debug_ranges  0x0000000000000d60       0x20 startup/startup_stm32f4xx.o

.debug_line     0x0000000000000000     0x88e5
 .debug_line    0x0000000000000000      0x350 Common/Full/BlockQ.o
 .debug_line    0x0000000000000350      0x479 Common/Full/GenQTest.o
 .debug_line    0x00000000000007c9      0x33f Common/Full/PollQ.o
 .debug_line    0x0000000000000b08      0x328 Common/Full/blocktim.o
 .debug_line    0x0000000000000e30      0x2c5 Common/Full/countsem.o
 .debug_line    0x00000000000010f5      0x334 Common/Full/death.o
 .debug_line    0x0000000000001429      0x403 Common/Full/dynamic.o
 .debug_line    0x000000000000182c      0x314 Common/Full/flash.o
 .debug_line    0x0000000000001b40      0x3c4 Common/Full/flop.o
 .debug_line    0x0000000000001f04      0x3b2 Common/Full/integer.o
 .debug_line    0x00000000000022b6      0x2e9 Common/Full/print.o
 .debug_line    0x000000000000259f      0x2dd Common/Full/recmutex.o
 .debug_line    0x000000000000287c      0x365 Common/Full/semtest.o
 .debug_line    0x0000000000002be1      0x32e FreeRTOS/list.o
 .debug_line    0x0000000000002f0f      0x3b7 FreeRTOS/portable/GCC/ARM_CM4F/port.o
 .debug_line    0x00000000000032c6      0x3ee FreeRTOS/portable/MemMang/heap_4.o
 .debug_line    0x00000000000036b4      0xd2c FreeRTOS/queue.o
 .debug_line    0x00000000000043e0      0xf67 FreeRTOS/tasks.o
 .debug_line    0x0000000000005347      0x6d8 FreeRTOS/timers.o
 .debug_line    0x0000000000005a1f      0x1f2 StdPeriph_Driver/src/misc.o
 .debug_line    0x0000000000005c11      0x24c StdPeriph_Driver/src/stm32f4xx_exti.o
 .debug_line    0x0000000000005e5d      0x324 StdPeriph_Driver/src/stm32f4xx_gpio.o
 .debug_line    0x0000000000006181      0x617 StdPeriph_Driver/src/stm32f4xx_rcc.o
 .debug_line    0x0000000000006798      0x1f3 StdPeriph_Driver/src/stm32f4xx_syscfg.o
 .debug_line    0x000000000000698b      0x4ef Trace/streamports/Jlink_RTT/SEGGER_RTT.o
 .debug_line    0x0000000000006e7a      0x2ff Trace/trcKernelPort.o
 .debug_line    0x0000000000007179      0xb2f Trace/trcStreamingRecorder.o
 .debug_line    0x0000000000007ca8      0x1f6 src/ParTest.o
 .debug_line    0x0000000000007e9e      0x3ef src/main.o
 .debug_line    0x000000000000828d      0x246 src/stm32f4_discovery.o
 .debug_line    0x00000000000084d3      0x1aa src/stm32f4xx_it.o
 .debug_line    0x000000000000867d      0x1ed src/system_stm32f4xx.o
 .debug_line    0x000000000000886a       0x7b startup/startup_stm32f4xx.o

.debug_str      0x0000000000000000     0x5a88
 .debug_str     0x0000000000000000      0x896 Common/Full/BlockQ.o
                                        0x954 (size before relaxing)
 .debug_str     0x0000000000000896      0x1ef Common/Full/GenQTest.o
                                        0x912 (size before relaxing)
 .debug_str     0x0000000000000a85      0x11b Common/Full/PollQ.o
                                        0x869 (size before relaxing)
 .debug_str     0x0000000000000ba0      0x1ab Common/Full/blocktim.o
                                        0x4aa (size before relaxing)
 .debug_str     0x0000000000000d4b      0x123 Common/Full/countsem.o
                                        0x457 (size before relaxing)
 .debug_str     0x0000000000000e6e      0x106 Common/Full/death.o
                                        0x819 (size before relaxing)
 .debug_str     0x0000000000000f74      0x27f Common/Full/dynamic.o
                                        0x9be (size before relaxing)
 .debug_str     0x00000000000011f3       0x8c Common/Full/flash.o
                                        0x795 (size before relaxing)
 .debug_str     0x000000000000127f      0x15c Common/Full/flop.o
                                        0x883 (size before relaxing)
 .debug_str     0x00000000000013db       0xd1 Common/Full/integer.o
                                        0x830 (size before relaxing)
 .debug_str     0x00000000000014ac       0x85 Common/Full/print.o
                                        0x782 (size before relaxing)
 .debug_str     0x0000000000001531      0x182 Common/Full/recmutex.o
                                        0x4c2 (size before relaxing)
 .debug_str     0x00000000000016b3      0x14d Common/Full/semtest.o
                                        0x8d3 (size before relaxing)
 .debug_str     0x0000000000001800      0x130 FreeRTOS/list.o
                                        0x80d (size before relaxing)
 .debug_str     0x0000000000001930      0x230 FreeRTOS/portable/GCC/ARM_CM4F/port.o
                                        0x525 (size before relaxing)
 .debug_str     0x0000000000001b60      0x1f6 FreeRTOS/portable/MemMang/heap_4.o
                                        0x8f4 (size before relaxing)
 .debug_str     0x0000000000001d56      0x587 FreeRTOS/queue.o
                                        0xdaa (size before relaxing)
 .debug_str     0x00000000000022dd      0xbbf FreeRTOS/tasks.o
                                       0x14e0 (size before relaxing)
 .debug_str     0x0000000000002e9c      0x423 FreeRTOS/timers.o
                                        0xc59 (size before relaxing)
 .debug_str     0x00000000000032bf      0x25f StdPeriph_Driver/src/misc.o
                                        0x455 (size before relaxing)
 .debug_str     0x000000000000351e      0x1b6 StdPeriph_Driver/src/stm32f4xx_exti.o
                                        0x3d3 (size before relaxing)
 .debug_str     0x00000000000036d4      0x2fe StdPeriph_Driver/src/stm32f4xx_gpio.o
                                        0x527 (size before relaxing)
 .debug_str     0x00000000000039d2      0x7a1 StdPeriph_Driver/src/stm32f4xx_rcc.o
                                        0xa49 (size before relaxing)
 .debug_str     0x0000000000004173      0x15c StdPeriph_Driver/src/stm32f4xx_syscfg.o
                                        0x395 (size before relaxing)
 .debug_str     0x00000000000042cf      0x349 Trace/streamports/Jlink_RTT/SEGGER_RTT.o
                                        0x9c9 (size before relaxing)
 .debug_str     0x0000000000004618      0x252 Trace/trcKernelPort.o
                                        0x52e (size before relaxing)
 .debug_str     0x000000000000486a      0x7fd Trace/trcStreamingRecorder.o
                                        0xc48 (size before relaxing)
 .debug_str     0x0000000000005067       0x78 src/ParTest.o
                                        0x318 (size before relaxing)
 .debug_str     0x00000000000050df      0x753 src/main.o
                                        0xbbf (size before relaxing)
 .debug_str     0x0000000000005832      0x15d src/stm32f4_discovery.o
                                        0xba9 (size before relaxing)
 .debug_str     0x000000000000598f       0x6a src/stm32f4xx_it.o
                                        0x24e (size before relaxing)
 .debug_str     0x00000000000059f9       0x8f src/system_stm32f4xx.o
                                        0x442 (size before relaxing)

.comment        0x0000000000000000       0x7c
 .comment       0x0000000000000000       0x7c Common/Full/BlockQ.o
                                         0x7d (size before relaxing)
 .comment       0x000000000000007c       0x7d Common/Full/GenQTest.o
 .comment       0x000000000000007c       0x7d Common/Full/PollQ.o
 .comment       0x000000000000007c       0x7d Common/Full/blocktim.o
 .comment       0x000000000000007c       0x7d Common/Full/countsem.o
 .comment       0x000000000000007c       0x7d Common/Full/death.o
 .comment       0x000000000000007c       0x7d Common/Full/dynamic.o
 .comment       0x000000000000007c       0x7d Common/Full/flash.o
 .comment       0x000000000000007c       0x7d Common/Full/flop.o
 .comment       0x000000000000007c       0x7d Common/Full/integer.o
 .comment       0x000000000000007c       0x7d Common/Full/print.o
 .comment       0x000000000000007c       0x7d Common/Full/recmutex.o
 .comment       0x000000000000007c       0x7d Common/Full/semtest.o
 .comment       0x000000000000007c       0x7d FreeRTOS/list.o
 .comment       0x000000000000007c       0x7d FreeRTOS/portable/GCC/ARM_CM4F/port.o
 .comment       0x000000000000007c       0x7d FreeRTOS/portable/MemMang/heap_4.o
 .comment       0x000000000000007c       0x7d FreeRTOS/queue.o
 .comment       0x000000000000007c       0x7d FreeRTOS/tasks.o
 .comment       0x000000000000007c       0x7d FreeRTOS/timers.o