SEGGER_RTT.c:262:13:_DoInit	16	static
SEGGER_RTT.c:317:17:_WriteBlocking	40	static
SEGGER_RTT.c:368:13:_WriteNoCheck	40	static
SEGGER_RTT.c:406:13:_PostTerminalSwitch	24	static
SEGGER_RTT.c:428:17:_GetAvailWriteSpace	32	static
SEGGER_RTT.c:469:10:SEGGER_RTT_ReadNoLock	48	static
SEGGER_RTT.c:536:10:SEGGER_RTT_Read	32	static
SEGGER_RTT.c:575:6:SEGGER_RTT_WriteWithOverwriteNoLock	40	static
SEGGER_RTT.c:659:10:SEGGER_RTT_WriteSkipNoLock	56	static
SEGGER_RTT.c:769:10:SEGGER_RTT_WriteNoLock	40	static
SEGGER_RTT.c:840:10:SEGGER_RTT_Write	32	static
SEGGER_RTT.c:878:10:SEGGER_RTT_WriteString	24	static
SEGGER_RTT.c:900:5:SEGGER_RTT_GetKey	16	static
SEGGER_RTT.c:928:5:SEGGER_RTT_WaitKey	16	static
SEGGER_RTT.c:951:5:SEGGER_RTT_HasKey	16	static
SEGGER_RTT.c:977:10:SEGGER_RTT_HasData	24	static
SEGGER_RTT.c:1005:5:SEGGER_RTT_AllocDownBuffer	32	static
SEGGER_RTT.c:1050:5:SEGGER_RTT_AllocUpBuffer	32	static
SEGGER_RTT.c:1101:5:SEGGER_RTT_ConfigUpBuffer	32	static
SEGGER_RTT.c:1148:5:SEGGER_RTT_ConfigDownBuffer	32	static
SEGGER_RTT.c:1186:5:SEGGER_RTT_SetNameUpBuffer	24	static
SEGGER_RTT.c:1217:5:SEGGER_RTT_SetNameDownBuffer	24	static
SEGGER_RTT.c:1248:5:SEGGER_RTT_SetFlagsUpBuffer	24	static
SEGGER_RTT.c:1279:5:SEGGER_RTT_SetFlagsDownBuffer	24	static
SEGGER_RTT.c:1303:6:SEGGER_RTT_Init	8	static
SEGGER_RTT.c:1321:5:SEGGER_RTT_SetTerminal	40	static
SEGGER_RTT.c:1371:5:SEGGER_RTT_TerminalOut	40	static
