trcStreamingRecorder.c:297:6:vTraceInstanceFinishedNow	8	static
trcStreamingRecorder.c:313:6:vTraceInstanceFinishedNext	8	static
trcStreamingRecorder.c:323:13:xTraceRegisterString	16	static
trcStreamingRecorder.c:341:6:vTraceStoreKernelObjectName	16	static
trcStreamingRecorder.c:360:6:vTraceSetFrequency	16	static
trcStreamingRecorder.c:390:6:vTracePrint	16	static
trcStreamingRecorder.c:441:6:vTracePrintF	44	static
trcStreamingRecorder.c:495:13:xTraceSetISRProperties	24	static
trcStreamingRecorder.c:528:6:vTraceStoreISRBegin	40	static
trcStreamingRecorder.c:576:6:vTraceStoreISREnd	32	static
trcStreamingRecorder.c:612:13:xTraceGetLastError	4	static
trcStreamingRecorder.c:654:6:vTraceClearError	4	static
trcStreamingRecorder.c:668:6:vTraceStop	8	static
trcStreamingRecorder.c:694:13:prvSetRecorderEnabled	48	static
trcStreamingRecorder.c:736:13:prvTraceStoreSymbolTable	72	static
trcStreamingRecorder.c:763:13:prvTraceStoreObjectDataTable	48	static
trcStreamingRecorder.c:790:13:prvTraceStoreHeader	48	static
trcStreamingRecorder.c:818:13:prvTraceStoreWarnings	24	static
trcStreamingRecorder.c:879:6:prvTraceStoreEvent0	48	static
trcStreamingRecorder.c:906:6:prvTraceStoreEvent1	48	static
trcStreamingRecorder.c:934:6:prvTraceStoreEvent2	64	static
trcStreamingRecorder.c:963:6:prvTraceStoreEvent3	64	static
trcStreamingRecorder.c:996:6:prvTraceStoreEvent	124	static
trcStreamingRecorder.c:1036:6:prvTraceStoreStringEvent	32	static
trcStreamingRecorder.c:1046:13:prvTraceStoreStringEventHelper	152	static
trcStreamingRecorder.c:1143:13:prvTraceStoreSimpleStringEventHelper	152	static
trcStreamingRecorder.c:1236:6:prvTraceSaveSymbol	48	static
trcStreamingRecorder.c:1302:6:prvTraceDeleteSymbol	48	static
trcStreamingRecorder.c:1346:6:prvTraceSaveObjectData	48	static
trcStreamingRecorder.c:1390:6:prvTraceDeleteObjectData	48	static
trcStreamingRecorder.c:1434:5:prvIsValidCommand	24	static
trcStreamingRecorder.c:1456:6:prvProcessCommand	16	static
trcStreamingRecorder.c:1469:6:prvTraceError	16	static
trcStreamingRecorder.c:1485:6:prvTraceInitCortexM	8	static
trcStreamingRecorder.c:1541:17:prvGetTimestamp32	4	static
trcStreamingRecorder.c:1558:13:prvTraceStoreTSConfig	16	static
trcStreamingRecorder.c:1588:12:prvAllocateBufferPage	24	static
trcStreamingRecorder.c:1609:13:prvPageReadComplete	32	static
trcStreamingRecorder.c:1624:12:prvGetBufferPage	24	static
trcStreamingRecorder.c:1675:9:prvPagedEventBufferTransfer	32	static
trcStreamingRecorder.c:1726:7:prvPagedEventBufferGetWritePointer	24	static
trcStreamingRecorder.c:1784:6:prvPagedEventBufferInit	40	static
